Archive member included to satisfy reference by file (symbol)

C:\Users\kang\STM32CubeIDE\workspace_1.15.1\MicroRosMCU\Core\M4lib\libmicroros.a(librcl-publisher.c.obj)
                              ./Core/Src/freertos.o (rcl_publish)
C:\Users\kang\STM32CubeIDE\workspace_1.15.1\MicroRosMCU\Core\M4lib\libmicroros.a(librclc-init.c.obj)
                              ./Core/Src/freertos.o (rclc_support_init)
C:\Users\kang\STM32CubeIDE\workspace_1.15.1\MicroRosMCU\Core\M4lib\libmicroros.a(librclc-node.c.obj)
                              ./Core/Src/freertos.o (rclc_node_init_default)
C:\Users\kang\STM32CubeIDE\workspace_1.15.1\MicroRosMCU\Core\M4lib\libmicroros.a(librclc-publisher.c.obj)
                              ./Core/Src/freertos.o (rclc_publisher_init_default)
C:\Users\kang\STM32CubeIDE\workspace_1.15.1\MicroRosMCU\Core\M4lib\libmicroros.a(librcutils-allocator.c.obj)
                              ./Core/Src/freertos.o (rcutils_get_zero_initialized_allocator)
C:\Users\kang\STM32CubeIDE\workspace_1.15.1\MicroRosMCU\Core\M4lib\libmicroros.a(librcutils-error_handling.c.obj)
                              C:\Users\kang\STM32CubeIDE\workspace_1.15.1\MicroRosMCU\Core\M4lib\libmicroros.a(librclc-init.c.obj) (rcutils_reset_error)
C:\Users\kang\STM32CubeIDE\workspace_1.15.1\MicroRosMCU\Core\M4lib\libmicroros.a(librmw-publisher_options.c.obj)
                              C:\Users\kang\STM32CubeIDE\workspace_1.15.1\MicroRosMCU\Core\M4lib\libmicroros.a(librcl-publisher.c.obj) (rmw_get_default_publisher_options)
C:\Users\kang\STM32CubeIDE\workspace_1.15.1\MicroRosMCU\Core\M4lib\libmicroros.a(librmw_microxrcedds-custom_transport.c.obj)
                              ./Core/Src/freertos.o (rmw_uros_set_custom_transport)
C:\Users\kang\STM32CubeIDE\workspace_1.15.1\MicroRosMCU\Core\M4lib\libmicroros.a(librmw_microxrcedds-rmw_publish.c.obj)
                              C:\Users\kang\STM32CubeIDE\workspace_1.15.1\MicroRosMCU\Core\M4lib\libmicroros.a(librcl-publisher.c.obj) (rmw_publish)
C:\Users\kang\STM32CubeIDE\workspace_1.15.1\MicroRosMCU\Core\M4lib\libmicroros.a(librmw_microxrcedds-rmw_publisher.c.obj)
                              C:\Users\kang\STM32CubeIDE\workspace_1.15.1\MicroRosMCU\Core\M4lib\libmicroros.a(librcl-publisher.c.obj) (rmw_create_publisher)
C:\Users\kang\STM32CubeIDE\workspace_1.15.1\MicroRosMCU\Core\M4lib\libmicroros.a(librmw_microxrcedds-types.c.obj)
                              C:\Users\kang\STM32CubeIDE\workspace_1.15.1\MicroRosMCU\Core\M4lib\libmicroros.a(librmw_microxrcedds-rmw_publisher.c.obj) (rmw_uxrce_fini_publisher_memory)
C:\Users\kang\STM32CubeIDE\workspace_1.15.1\MicroRosMCU\Core\M4lib\libmicroros.a(librmw_microxrcedds-utils.c.obj)
                              C:\Users\kang\STM32CubeIDE\workspace_1.15.1\MicroRosMCU\Core\M4lib\libmicroros.a(librmw_microxrcedds-rmw_publisher.c.obj) (run_xrce_session)
C:\Users\kang\STM32CubeIDE\workspace_1.15.1\MicroRosMCU\Core\M4lib\libmicroros.a(librosidl_runtime_c-message_type_support.c.obj)
                              C:\Users\kang\STM32CubeIDE\workspace_1.15.1\MicroRosMCU\Core\M4lib\libmicroros.a(librmw_microxrcedds-rmw_publisher.c.obj) (get_message_typesupport_handle)
C:\Users\kang\STM32CubeIDE\workspace_1.15.1\MicroRosMCU\Core\M4lib\libmicroros.a(libstd_msgs__rosidl_typesupport_c-int32__type_support.cpp.obj)
                              ./Core/Src/freertos.o (rosidl_typesupport_c__get_message_type_support_handle__std_msgs__msg__Int32)
C:\Users\kang\STM32CubeIDE\workspace_1.15.1\MicroRosMCU\Core\M4lib\libmicroros.a(libstd_msgs__rosidl_typesupport_introspection_c-int32__type_support.c.obj)
                              C:\Users\kang\STM32CubeIDE\workspace_1.15.1\MicroRosMCU\Core\M4lib\libmicroros.a(libstd_msgs__rosidl_typesupport_c-int32__type_support.cpp.obj) (rosidl_typesupport_introspection_c__get_message_type_support_handle__std_msgs__msg__Int32)
C:\Users\kang\STM32CubeIDE\workspace_1.15.1\MicroRosMCU\Core\M4lib\libmicroros.a(libstd_msgs__rosidl_typesupport_microxrcedds_c-int32__type_support_c.c.obj)
                              C:\Users\kang\STM32CubeIDE\workspace_1.15.1\MicroRosMCU\Core\M4lib\libmicroros.a(libstd_msgs__rosidl_typesupport_c-int32__type_support.cpp.obj) (rosidl_typesupport_microxrcedds_c__get_message_type_support_handle__std_msgs__msg__Int32)
C:\Users\kang\STM32CubeIDE\workspace_1.15.1\MicroRosMCU\Core\M4lib\libmicroros.a(libmicrocdr-basic.c.obj)
                              C:\Users\kang\STM32CubeIDE\workspace_1.15.1\MicroRosMCU\Core\M4lib\libmicroros.a(libstd_msgs__rosidl_typesupport_microxrcedds_c-int32__type_support_c.c.obj) (ucdr_serialize_int32_t)
C:\Users\kang\STM32CubeIDE\workspace_1.15.1\MicroRosMCU\Core\M4lib\libmicroros.a(libmicrocdr-common.c.obj)
                              C:\Users\kang\STM32CubeIDE\workspace_1.15.1\MicroRosMCU\Core\M4lib\libmicroros.a(libmicrocdr-basic.c.obj) (ucdr_check_buffer_available_for)
[...]
Memory Configuration

Name             Origin             Length             Attributes
CCMRAM           0x10000000         0x00010000         xrw
RAM              0x20000000         0x00020000         xrw
FLASH            0x08000000         0x00100000         xr
*default*        0x00000000         0xffffffff

Linker script and memory map

LOAD D:/ST/STM32CubeIDE_1.15.1/STM32CubeIDE/plugins/com.st.stm32cube.ide.mcu.externaltools.gnu-tools-for-stm32.12.3.rel1.win32_1.0.200.202406191623/tools/bin/../lib/gcc/arm-none-eabi/12.3.1/thumb/v7e-m+fp/hard/crti.o
LOAD D:/ST/STM32CubeIDE_1.15.1/STM32CubeIDE/plugins/com.st.stm32cube.ide.mcu.externaltools.gnu-tools-for-stm32.12.3.rel1.win32_1.0.200.202406191623/tools/bin/../lib/gcc/arm-none-eabi/12.3.1/thumb/v7e-m+fp/hard/crtbegin.o
LOAD D:/ST/STM32CubeIDE_1.15.1/STM32CubeIDE/plugins/com.st.stm32cube.ide.mcu.externaltools.gnu-tools-for-stm32.12.3.rel1.win32_1.0.200.202406191623/tools/bin/../lib/gcc/arm-none-eabi/12.3.1/../../../../arm-none-eabi/lib/thumb/v7e-m+fp/hard/crt0.o
LOAD ./Core/Src/dma.o
LOAD ./Core/Src/freertos.o
LOAD ./Core/Src/gpio.o
LOAD ./Core/Src/main.o
LOAD ./Core/Src/stm32f4xx_hal_msp.o
LOAD ./Core/Src/stm32f4xx_hal_timebase_tim.o
LOAD ./Core/Src/stm32f4xx_it.o
LOAD ./Core/Src/syscalls.o
LOAD ./Core/Src/sysmem.o
LOAD ./Core/Src/system_stm32f4xx.o
LOAD ./Core/Src/usart.o
LOAD ./Core/Startup/startup_stm32f407igtx.o
LOAD ./Core/extra_sources/custom_memory_manager.o
LOAD ./Core/extra_sources/microros_allocators.o
LOAD ./Core/extra_sources/microros_time.o
LOAD ./Core/extra_sources/microros_transports/dma_transport.o
LOAD ./Drivers/STM32F4xx_HAL_Driver/Src/stm32f4xx_hal.o
LOAD ./Drivers/STM32F4xx_HAL_Driver/Src/stm32f4xx_hal_cortex.o
LOAD ./Drivers/STM32F4xx_HAL_Driver/Src/stm32f4xx_hal_dma.o
LOAD ./Drivers/STM32F4xx_HAL_Driver/Src/stm32f4xx_hal_dma_ex.o
LOAD ./Drivers/STM32F4xx_HAL_Driver/Src/stm32f4xx_hal_exti.o
LOAD ./Drivers/STM32F4xx_HAL_Driver/Src/stm32f4xx_hal_flash.o
LOAD ./Drivers/STM32F4xx_HAL_Driver/Src/stm32f4xx_hal_flash_ex.o
LOAD ./Drivers/STM32F4xx_HAL_Driver/Src/stm32f4xx_hal_flash_ramfunc.o
LOAD ./Drivers/STM32F4xx_HAL_Driver/Src/stm32f4xx_hal_gpio.o
LOAD ./Drivers/STM32F4xx_HAL_Driver/Src/stm32f4xx_hal_pwr.o
LOAD ./Drivers/STM32F4xx_HAL_Driver/Src/stm32f4xx_hal_pwr_ex.o
LOAD ./Drivers/STM32F4xx_HAL_Driver/Src/stm32f4xx_hal_rcc.o
LOAD ./Drivers/STM32F4xx_HAL_Driver/Src/stm32f4xx_hal_rcc_ex.o
LOAD ./Drivers/STM32F4xx_HAL_Driver/Src/stm32f4xx_hal_tim.o
LOAD ./Drivers/STM32F4xx_HAL_Driver/Src/stm32f4xx_hal_tim_ex.o
LOAD ./Drivers/STM32F4xx_HAL_Driver/Src/stm32f4xx_hal_uart.o
LOAD ./Middlewares/Third_Party/FreeRTOS/Source/CMSIS_RTOS_V2/cmsis_os2.o
LOAD ./Middlewares/Third_Party/FreeRTOS/Source/croutine.o
LOAD ./Middlewares/Third_Party/FreeRTOS/Source/event_groups.o
LOAD ./Middlewares/Third_Party/FreeRTOS/Source/list.o
LOAD ./Middlewares/Third_Party/FreeRTOS/Source/queue.o
LOAD ./Middlewares/Third_Party/FreeRTOS/Source/stream_buffer.o
LOAD ./Middlewares/Third_Party/FreeRTOS/Source/tasks.o
LOAD ./Middlewares/Third_Party/FreeRTOS/Source/timers.o
LOAD ./Middlewares/Third_Party/FreeRTOS/Source/portable/GCC/ARM_CM4F/port.o
LOAD ./Middlewares/Third_Party/FreeRTOS/Source/portable/MemMang/heap_4.o
LOAD C:\Users\kang\STM32CubeIDE\workspace_1.15.1\MicroRosMCU\Core\M4lib\libmicroros.a
START GROUP
LOAD D:/ST/STM32CubeIDE_1.15.1/STM32CubeIDE/plugins/com.st.stm32cube.ide.mcu.externaltools.gnu-tools-for-stm32.12.3.rel1.win32_1.0.200.202406191623/tools/bin/../lib/gcc/arm-none-eabi/12.3.1/../../../../arm-none-eabi/lib/thumb/v7e-m+fp/hard\libc_nano.a
LOAD D:/ST/STM32CubeIDE_1.15.1/STM32CubeIDE/plugins/com.st.stm32cube.ide.mcu.externaltools.gnu-tools-for-stm32.12.3.rel1.win32_1.0.200.202406191623/tools/bin/../lib/gcc/arm-none-eabi/12.3.1/../../../../arm-none-eabi/lib/thumb/v7e-m+fp/hard\libm.a
END GROUP
START GROUP
LOAD D:/ST/STM32CubeIDE_1.15.1/STM32CubeIDE/plugins/com.st.stm32cube.ide.mcu.externaltools.gnu-tools-for-stm32.12.3.rel1.win32_1.0.200.202406191623/tools/bin/../lib/gcc/arm-none-eabi/12.3.1/thumb/v7e-m+fp/hard\libgcc.a
LOAD D:/ST/STM32CubeIDE_1.15.1/STM32CubeIDE/plugins/com.st.stm32cube.ide.mcu.externaltools.gnu-tools-for-stm32.12.3.rel1.win32_1.0.200.202406191623/tools/bin/../lib/gcc/arm-none-eabi/12.3.1/../../../../arm-none-eabi/lib/thumb/v7e-m+fp/hard\libc_nano.a
END GROUP
START GROUP
LOAD D:/ST/STM32CubeIDE_1.15.1/STM32CubeIDE/plugins/com.st.stm32cube.ide.mcu.externaltools.gnu-tools-for-stm32.12.3.rel1.win32_1.0.200.202406191623/tools/bin/../lib/gcc/arm-none-eabi/12.3.1/thumb/v7e-m+fp/hard\libgcc.a
LOAD D:/ST/STM32CubeIDE_1.15.1/STM32CubeIDE/plugins/com.st.stm32cube.ide.mcu.externaltools.gnu-tools-for-stm32.12.3.rel1.win32_1.0.200.202406191623/tools/bin/../lib/gcc/arm-none-eabi/12.3.1/../../../../arm-none-eabi/lib/thumb/v7e-m+fp/hard\libc_nano.a
LOAD D:/ST/STM32CubeIDE_1.15.1/STM32CubeIDE/plugins/com.st.stm32cube.ide.mcu.externaltools.gnu-tools-for-stm32.12.3.rel1.win32_1.0.200.202406191623/tools/bin/../lib/gcc/arm-none-eabi/12.3.1/../../../../arm-none-eabi/lib/thumb/v7e-m+fp/hard\libnosys.a
END GROUP
START GROUP
LOAD D:/ST/STM32CubeIDE_1.15.1/STM32CubeIDE/plugins/com.st.stm32cube.ide.mcu.externaltools.gnu-tools-for-stm32.12.3.rel1.win32_1.0.200.202406191623/tools/bin/../lib/gcc/arm-none-eabi/12.3.1/thumb/v7e-m+fp/hard\libgcc.a
LOAD D:/ST/STM32CubeIDE_1.15.1/STM32CubeIDE/plugins/com.st.stm32cube.ide.mcu.externaltools.gnu-tools-for-stm32.12.3.rel1.win32_1.0.200.202406191623/tools/bin/../lib/gcc/arm-none-eabi/12.3.1/../../../../arm-none-eabi/lib/thumb/v7e-m+fp/hard\libc_nano.a
LOAD D:/ST/STM32CubeIDE_1.15.1/STM32CubeIDE/plugins/com.st.stm32cube.ide.mcu.externaltools.gnu-tools-for-stm32.12.3.rel1.win32_1.0.200.202406191623/tools/bin/../lib/gcc/arm-none-eabi/12.3.1/../../../../arm-none-eabi/lib/thumb/v7e-m+fp/hard\libnosys.a
END GROUP
LOAD D:/ST/STM32CubeIDE_1.15.1/STM32CubeIDE/plugins/com.st.stm32cube.ide.mcu.externaltools.gnu-tools-for-stm32.12.3.rel1.win32_1.0.200.202406191623/tools/bin/../lib/gcc/arm-none-eabi/12.3.1/thumb/v7e-m+fp/hard/crtend.o
LOAD D:/ST/STM32CubeIDE_1.15.1/STM32CubeIDE/plugins/com.st.stm32cube.ide.mcu.externaltools.gnu-tools-for-stm32.12.3.rel1.win32_1.0.200.202406191623/tools/bin/../lib/gcc/arm-none-eabi/12.3.1/thumb/v7e-m+fp/hard/crtn.o
                0x20020000                        _estack = (ORIGIN (RAM) + LENGTH (RAM))
                0x00000200                        _Min_Heap_Size = 0x200
                0x00000400                        _Min_Stack_Size = 0x400

.isr_vector     0x08000000      0x188
                0x08000000                        . = ALIGN (0x4)
 *(.isr_vector)
 .isr_vector    0x08000000      0x188 ./Core/Startup/startup_stm32f407igtx.o
                0x08000000                g_pfnVectors
                0x08000188                        . = ALIGN (0x4)

.text           0x08000190    0x11718
                0x08000190                        . = ALIGN (0x4)
 *(.text)
 .text          0x08000190       0x40 D:/ST/STM32CubeIDE_1.15.1/STM32CubeIDE/plugins/com.st.stm32cube.ide.mcu.externaltools.gnu-tools-for-stm32.12.3.rel1.win32_1.0.200.202406191623/tools/bin/../lib/gcc/arm-none-eabi/12.3.1/thumb/v7e-m+fp/hard/crtbegin.o
 .text          0x080001d0       0x14 D:/ST/STM32CubeIDE_1.15.1/STM32CubeIDE/plugins/com.st.stm32cube.ide.mcu.externaltools.gnu-tools-for-stm32.12.3.rel1.win32_1.0.200.202406191623/tools/bin/../lib/gcc/arm-none-eabi/12.3.1/../../../../arm-none-eabi/lib/thumb/v7e-m+fp/hard\libc_nano.a(libc_a-strcmp.o)
                0x080001d0                strcmp
 .text          0x080001e4       0x10 D:/ST/STM32CubeIDE_1.15.1/STM32CubeIDE/plugins/com.st.stm32cube.ide.mcu.externaltools.gnu-tools-for-stm32.12.3.rel1.win32_1.0.200.202406191623/tools/bin/../lib/gcc/arm-none-eabi/12.3.1/../../../../arm-none-eabi/lib/thumb/v7e-m+fp/hard\libc_nano.a(libc_a-strlen.o)
                0x080001e4                strlen
 *fill*         0x080001f4        0xc 
 .text          0x08000200       0xa0 D:/ST/STM32CubeIDE_1.15.1/STM32CubeIDE/plugins/com.st.stm32cube.ide.mcu.externaltools.gnu-tools-for-stm32.12.3.rel1.win32_1.0.200.202406191623/tools/bin/../lib/gcc/arm-none-eabi/12.3.1/../../../../arm-none-eabi/lib/thumb/v7e-m+fp/hard\libc_nano.a(libc_a-memchr.o)
                0x08000200                memchr
 .text          0x080002a0       0xa0 D:/ST/STM32CubeIDE_1.15.1/STM32CubeIDE/plugins/com.st.stm32cube.ide.mcu.externaltools.gnu-tools-for-stm32.12.3.rel1.win32_1.0.200.202406191623/tools/bin/../lib/gcc/arm-none-eabi/12.3.1/thumb/v7e-m+fp/hard\libgcc.a(_aeabi_ldivmod.o)
                0x080002a0                __aeabi_ldivmod
 .text          0x08000340       0x30 D:/ST/STM32CubeIDE_1.15.1/STM32CubeIDE/plugins/com.st.stm32cube.ide.mcu.externaltools.gnu-tools-for-stm32.12.3.rel1.win32_1.0.200.202406191623/tools/bin/../lib/gcc/arm-none-eabi/12.3.1/thumb/v7e-m+fp/hard\libgcc.a(_aeabi_uldivmod.o)
                0x08000340                __aeabi_uldivmod
 .text          0x08000370      0x2bc D:/ST/STM32CubeIDE_1.15.1/STM32CubeIDE/plugins/com.st.stm32cube.ide.mcu.externaltools.gnu-tools-for-stm32.12.3.rel1.win32_1.0.200.202406191623/tools/bin/../lib/gcc/arm-none-eabi/12.3.1/thumb/v7e-m+fp/hard\libgcc.a(_udivmoddi4.o)
                0x08000370                __udivmoddi4
 .text          0x0800062c        0x4 D:/ST/STM32CubeIDE_1.15.1/STM32CubeIDE/plugins/com.st.stm32cube.ide.mcu.externaltools.gnu-tools-for-stm32.12.3.rel1.win32_1.0.200.202406191623/tools/bin/../lib/gcc/arm-none-eabi/12.3.1/thumb/v7e-m+fp/hard\libgcc.a(_dvmd_tls.o)
                0x0800062c                __aeabi_idiv0
                0x0800062c                __aeabi_ldiv0
 *(.text*)
 .text.MX_DMA_Init
                0x08000630       0x50 ./Core/Src/dma.o
                0x08000630                MX_DMA_Init
 .text.MX_FREERTOS_Init
                0x08000680       0x24 ./Core/Src/freertos.o
                0x08000680                MX_FREERTOS_Init
 .text.StartDefaultTask
                0x080006a4      0x114 ./Core/Src/freertos.o
                0x080006a4                StartDefaultTask
 .text.MX_GPIO_Init
                0x080007b8       0x6c ./Core/Src/gpio.o
                0x080007b8                MX_GPIO_Init
 .text.main     0x08000824       0x28 ./Core/Src/main.o
                0x08000824                main
 .text.SystemClock_Config
                0x0800084c       0xd4 ./Core/Src/main.o
                0x0800084c                SystemClock_Config
 .text.HAL_TIM_PeriodElapsedCallback
                0x08000920       0x24 ./Core/Src/main.o
                0x08000920                HAL_TIM_PeriodElapsedCallback
 .text.Error_Handler
                0x08000944        0xc ./Core/Src/main.o
                0x08000944                Error_Handler
 .text.HAL_MspInit
                0x08000950       0x58 ./Core/Src/stm32f4xx_hal_msp.o
                0x08000950                HAL_MspInit
 .text.HAL_InitTick
                0x080009a8       0xe8 ./Core/Src/stm32f4xx_hal_timebase_tim.o
                0x080009a8                HAL_InitTick
 .text.NMI_Handler
                0x08000a90        0x8 ./Core/Src/stm32f4xx_it.o
                0x08000a90                NMI_Handler
 .text.HardFault_Handler
                0x08000a98        0x8 ./Core/Src/stm32f4xx_it.o
                0x08000a98                HardFault_Handler
 .text.MemManage_Handler
                0x08000aa0        0x8 ./Core/Src/stm32f4xx_it.o
                0x08000aa0                MemManage_Handler
 .text.BusFault_Handler
                0x08000aa8        0x8 ./Core/Src/stm32f4xx_it.o
                0x08000aa8                BusFault_Handler
 .text.UsageFault_Handler
                0x08000ab0        0x8 ./Core/Src/stm32f4xx_it.o
                0x08000ab0                UsageFault_Handler
 .text.DebugMon_Handler
                0x08000ab8        0xe ./Core/Src/stm32f4xx_it.o
                0x08000ab8                DebugMon_Handler
 *fill*         0x08000ac6        0x2 
 .text.TIM1_UP_TIM10_IRQHandler
                0x08000ac8       0x14 ./Core/Src/stm32f4xx_it.o
                0x08000ac8                TIM1_UP_TIM10_IRQHandler
 .text.USART1_IRQHandler
                0x08000adc       0x14 ./Core/Src/stm32f4xx_it.o
                0x08000adc                USART1_IRQHandler
 .text.DMA2_Stream2_IRQHandler
                0x08000af0       0x14 ./Core/Src/stm32f4xx_it.o
                0x08000af0                DMA2_Stream2_IRQHandler
 .text.DMA2_Stream7_IRQHandler
                0x08000b04       0x14 ./Core/Src/stm32f4xx_it.o
                0x08000b04                DMA2_Stream7_IRQHandler
 .text._getpid  0x08000b18       0x10 ./Core/Src/syscalls.o
                0x08000b18                _getpid
 .text._kill    0x08000b28       0x20 ./Core/Src/syscalls.o
                0x08000b28                _kill
 .text._exit    0x08000b48       0x16 ./Core/Src/syscalls.o
                0x08000b48                _exit
 .text._read    0x08000b5e       0x3a ./Core/Src/syscalls.o
                0x08000b5e                _read
 .text._write   0x08000b98       0x38 ./Core/Src/syscalls.o
                0x08000b98                _write
 .text._close   0x08000bd0       0x18 ./Core/Src/syscalls.o
                0x08000bd0                _close
 .text._fstat   0x08000be8       0x20 ./Core/Src/syscalls.o
                0x08000be8                _fstat
 .text._isatty  0x08000c08       0x16 ./Core/Src/syscalls.o
                0x08000c08                _isatty
 .text._lseek   0x08000c1e       0x1a ./Core/Src/syscalls.o
                0x08000c1e                _lseek
 .text._sbrk    0x08000c38       0x6c ./Core/Src/sysmem.o
                0x08000c38                _sbrk
 .text.SystemInit
                0x08000ca4       0x24 ./Core/Src/system_stm32f4xx.o
                0x08000ca4                SystemInit
 .text.MX_USART1_UART_Init
                0x08000cc8       0x54 ./Core/Src/usart.o
                0x08000cc8                MX_USART1_UART_Init
 .text.HAL_UART_MspInit
                0x08000d1c      0x170 ./Core/Src/usart.o
                0x08000d1c                HAL_UART_MspInit
 .text.Reset_Handler
                0x08000e8c       0x50 ./Core/Startup/startup_stm32f407igtx.o
                0x08000e8c                Reset_Handler
 .text.Default_Handler
                0x08000edc        0x2 ./Core/Startup/startup_stm32f407igtx.o
                0x08000edc                RTC_Alarm_IRQHandler
                0x08000edc                HASH_RNG_IRQHandler
                0x08000edc                EXTI2_IRQHandler
                0x08000edc                TIM8_CC_IRQHandler
                0x08000edc                TIM1_CC_IRQHandler
                0x08000edc                DMA2_Stream5_IRQHandler
                0x08000edc                DMA1_Stream5_IRQHandler
                0x08000edc                PVD_IRQHandler
                0x08000edc                SDIO_IRQHandler
                0x08000edc                TAMP_STAMP_IRQHandler
                0x08000edc                CAN2_RX1_IRQHandler
                0x08000edc                EXTI3_IRQHandler
                0x08000edc                TIM8_TRG_COM_TIM14_IRQHandler
                0x08000edc                TIM8_UP_TIM13_IRQHandler
                0x08000edc                I2C3_ER_IRQHandler
                0x08000edc                EXTI0_IRQHandler
                0x08000edc                I2C2_EV_IRQHandler
                0x08000edc                DMA1_Stream2_IRQHandler
                0x08000edc                CAN1_RX0_IRQHandler
                0x08000edc                FPU_IRQHandler
                0x08000edc                OTG_HS_WKUP_IRQHandler
                0x08000edc                CAN2_SCE_IRQHandler
                0x08000edc                SPI1_IRQHandler
                0x08000edc                TIM6_DAC_IRQHandler
                0x08000edc                TIM1_BRK_TIM9_IRQHandler
                0x08000edc                DCMI_IRQHandler
                0x08000edc                CAN2_RX0_IRQHandler
                0x08000edc                DMA2_Stream3_IRQHandler
                0x08000edc                USART6_IRQHandler
                0x08000edc                USART3_IRQHandler
                0x08000edc                CAN1_RX1_IRQHandler
                0x08000edc                UART5_IRQHandler
                0x08000edc                DMA2_Stream0_IRQHandler
                0x08000edc                TIM4_IRQHandler
                0x08000edc                I2C1_EV_IRQHandler
                0x08000edc                DMA1_Stream6_IRQHandler
                0x08000edc                DMA1_Stream1_IRQHandler
                0x08000edc                UART4_IRQHandler
                0x08000edc                TIM3_IRQHandler
                0x08000edc                RCC_IRQHandler
                0x08000edc                TIM8_BRK_TIM12_IRQHandler
                0x08000edc                Default_Handler
                0x08000edc                EXTI15_10_IRQHandler
                0x08000edc                ADC_IRQHandler
                0x08000edc                DMA1_Stream7_IRQHandler
                0x08000edc                TIM7_IRQHandler
                0x08000edc                CAN2_TX_IRQHandler
                0x08000edc                TIM5_IRQHandler
                0x08000edc                I2C3_EV_IRQHandler
                0x08000edc                EXTI9_5_IRQHandler
                0x08000edc                RTC_WKUP_IRQHandler
                0x08000edc                ETH_WKUP_IRQHandler
                0x08000edc                SPI2_IRQHandler
                0x08000edc                OTG_HS_EP1_IN_IRQHandler
                0x08000edc                DMA1_Stream0_IRQHandler
                0x08000edc                CAN1_TX_IRQHandler
                0x08000edc                EXTI4_IRQHandler
                0x08000edc                FSMC_IRQHandler
                0x08000edc                ETH_IRQHandler
                0x08000edc                OTG_HS_EP1_OUT_IRQHandler
                0x08000edc                WWDG_IRQHandler
                0x08000edc                TIM2_IRQHandler
                0x08000edc                OTG_FS_WKUP_IRQHandler
                0x08000edc                TIM1_TRG_COM_TIM11_IRQHandler
                0x08000edc                OTG_HS_IRQHandler
                0x08000edc                EXTI1_IRQHandler
                0x08000edc                USART2_IRQHandler
                0x08000edc                I2C2_ER_IRQHandler
                0x08000edc                DMA2_Stream1_IRQHandler
                0x08000edc                CAN1_SCE_IRQHandler
                0x08000edc                FLASH_IRQHandler
                0x08000edc                DMA2_Stream4_IRQHandler
                0x08000edc                OTG_FS_IRQHandler
                0x08000edc                SPI3_IRQHandler
                0x08000edc                DMA1_Stream4_IRQHandler
                0x08000edc                I2C1_ER_IRQHandler
                0x08000edc                DMA2_Stream6_IRQHandler
                0x08000edc                DMA1_Stream3_IRQHandler
 *fill*         0x08000ede        0x2 
 .text.pvPortMallocMicroROS
                0x08000ee0      0x190 ./Core/extra_sources/custom_memory_manager.o
                0x08000ee0                pvPortMallocMicroROS
 .text.vPortFreeMicroROS
                0x08001070       0xb8 ./Core/extra_sources/custom_memory_manager.o
                0x08001070                vPortFreeMicroROS
 .text.getBlockSize
                0x08001128       0x3c ./Core/extra_sources/custom_memory_manager.o
                0x08001128                getBlockSize
 .text.pvPortReallocMicroROS
                0x08001164       0x5a ./Core/extra_sources/custom_memory_manager.o
                0x08001164                pvPortReallocMicroROS
 .text.pvPortCallocMicroROS
                0x080011be       0x48 ./Core/extra_sources/custom_memory_manager.o
                0x080011be                pvPortCallocMicroROS
 *fill*         0x08001206        0x2 
 .text.prvHeapInit
                0x08001208       0xc4 ./Core/extra_sources/custom_memory_manager.o
 .text.prvInsertBlockIntoFreeList
                0x080012cc       0xb4 ./Core/extra_sources/custom_memory_manager.o
 .text.microros_allocate
                0x08001380       0x44 ./Core/extra_sources/microros_allocators.o
                0x08001380                microros_allocate
 .text.microros_deallocate
                0x080013c4       0x38 ./Core/extra_sources/microros_allocators.o
                0x080013c4                microros_deallocate
 .text.microros_reallocate
                0x080013fc       0x6c ./Core/extra_sources/microros_allocators.o
                0x080013fc                microros_reallocate
 .text.microros_zero_allocate
                0x08001468       0x50 ./Core/extra_sources/microros_allocators.o
                0x08001468                microros_zero_allocate
 .text.UTILS_NanosecondsToTimespec
                0x080014b8       0xa0 ./Core/extra_sources/microros_time.o
                0x080014b8                UTILS_NanosecondsToTimespec
 .text.clock_gettime
                0x08001558       0xee ./Core/extra_sources/microros_time.o
                0x08001558                clock_gettime
 *fill*         0x08001646        0x2 
 .text.cubemx_transport_open
                0x08001648       0x2c ./Core/extra_sources/microros_transports/dma_transport.o
                0x08001648                cubemx_transport_open
 .text.cubemx_transport_close
                0x08001674       0x20 ./Core/extra_sources/microros_transports/dma_transport.o
                0x08001674                cubemx_transport_close
 .text.cubemx_transport_write
                0x08001694       0x66 ./Core/extra_sources/microros_transports/dma_transport.o
                0x08001694                cubemx_transport_write
 *fill*         0x080016fa        0x2 
 .text.cubemx_transport_read
                0x080016fc       0xa8 ./Core/extra_sources/microros_transports/dma_transport.o
                0x080016fc                cubemx_transport_read
 .text.HAL_UART_RxCpltCallback
                0x080017a4       0x2c ./Core/extra_sources/microros_transports/dma_transport.o
                0x080017a4                HAL_UART_RxCpltCallback
 .text.HAL_Init
                0x080017d0       0x44 ./Drivers/STM32F4xx_HAL_Driver/Src/stm32f4xx_hal.o
                0x080017d0                HAL_Init
 .text.HAL_IncTick
                0x08001814       0x28 ./Drivers/STM32F4xx_HAL_Driver/Src/stm32f4xx_hal.o
                0x08001814                HAL_IncTick
 .text.HAL_GetTick
                0x0800183c       0x18 ./Drivers/STM32F4xx_HAL_Driver/Src/stm32f4xx_hal.o
                0x0800183c                HAL_GetTick
 .text.__NVIC_SetPriorityGrouping
                0x08001854       0x48 ./Drivers/STM32F4xx_HAL_Driver/Src/stm32f4xx_hal_cortex.o
 .text.__NVIC_GetPriorityGrouping
                0x0800189c       0x1c ./Drivers/STM32F4xx_HAL_Driver/Src/stm32f4xx_hal_cortex.o
 .text.__NVIC_EnableIRQ
                0x080018b8       0x3c ./Drivers/STM32F4xx_HAL_Driver/Src/stm32f4xx_hal_cortex.o
 .text.__NVIC_SetPriority
                0x080018f4       0x54 ./Drivers/STM32F4xx_HAL_Driver/Src/stm32f4xx_hal_cortex.o
 .text.NVIC_EncodePriority
                0x08001948       0x66 ./Drivers/STM32F4xx_HAL_Driver/Src/stm32f4xx_hal_cortex.o
 .text.HAL_NVIC_SetPriorityGrouping
                0x080019ae       0x16 ./Drivers/STM32F4xx_HAL_Driver/Src/stm32f4xx_hal_cortex.o
                0x080019ae                HAL_NVIC_SetPriorityGrouping
 .text.HAL_NVIC_SetPriority
                0x080019c4       0x38 ./Drivers/STM32F4xx_HAL_Driver/Src/stm32f4xx_hal_cortex.o
                0x080019c4                HAL_NVIC_SetPriority
 .text.HAL_NVIC_EnableIRQ
                0x080019fc       0x1c ./Drivers/STM32F4xx_HAL_Driver/Src/stm32f4xx_hal_cortex.o
                0x080019fc                HAL_NVIC_EnableIRQ
 .text.HAL_DMA_Init
                0x08001a18      0x15c ./Drivers/STM32F4xx_HAL_Driver/Src/stm32f4xx_hal_dma.o
                0x08001a18                HAL_DMA_Init
 .text.HAL_DMA_Start_IT
                0x08001b74       0xb0 ./Drivers/STM32F4xx_HAL_Driver/Src/stm32f4xx_hal_dma.o
                0x08001b74                HAL_DMA_Start_IT
 .text.HAL_DMA_Abort
                0x08001c24       0xe0 ./Drivers/STM32F4xx_HAL_Driver/Src/stm32f4xx_hal_dma.o
                0x08001c24                HAL_DMA_Abort
 .text.HAL_DMA_Abort_IT
                0x08001d04       0x44 ./Drivers/STM32F4xx_HAL_Driver/Src/stm32f4xx_hal_dma.o
                0x08001d04                HAL_DMA_Abort_IT
 .text.HAL_DMA_IRQHandler
                0x08001d48      0x314 ./Drivers/STM32F4xx_HAL_Driver/Src/stm32f4xx_hal_dma.o
                0x08001d48                HAL_DMA_IRQHandler
 .text.DMA_SetConfig
                0x0800205c       0x5c ./Drivers/STM32F4xx_HAL_Driver/Src/stm32f4xx_hal_dma.o
 .text.DMA_CalcBaseAndBitshift
                0x080020b8       0x6c ./Drivers/STM32F4xx_HAL_Driver/Src/stm32f4xx_hal_dma.o
 .text.DMA_CheckFifoParam
                0x08002124       0xf8 ./Drivers/STM32F4xx_HAL_Driver/Src/stm32f4xx_hal_dma.o
 .text.HAL_GPIO_Init
                0x0800221c      0x338 ./Drivers/STM32F4xx_HAL_Driver/Src/stm32f4xx_hal_gpio.o
                0x0800221c                HAL_GPIO_Init
 .text.HAL_RCC_OscConfig
                0x08002554      0x4f0 ./Drivers/STM32F4xx_HAL_Driver/Src/stm32f4xx_hal_rcc.o
                0x08002554                HAL_RCC_OscConfig
 .text.HAL_RCC_ClockConfig
                0x08002a44      0x1cc ./Drivers/STM32F4xx_HAL_Driver/Src/stm32f4xx_hal_rcc.o
                0x08002a44                HAL_RCC_ClockConfig
 .text.HAL_RCC_GetSysClockFreq
                0x08002c10      0x18c ./Drivers/STM32F4xx_HAL_Driver/Src/stm32f4xx_hal_rcc.o
                0x08002c10                HAL_RCC_GetSysClockFreq
 .text.HAL_RCC_GetHCLKFreq
                0x08002d9c       0x18 ./Drivers/STM32F4xx_HAL_Driver/Src/stm32f4xx_hal_rcc.o
                0x08002d9c                HAL_RCC_GetHCLKFreq
 .text.HAL_RCC_GetPCLK1Freq
                0x08002db4       0x28 ./Drivers/STM32F4xx_HAL_Driver/Src/stm32f4xx_hal_rcc.o
                0x08002db4                HAL_RCC_GetPCLK1Freq
 .text.HAL_RCC_GetPCLK2Freq
                0x08002ddc       0x28 ./Drivers/STM32F4xx_HAL_Driver/Src/stm32f4xx_hal_rcc.o
                0x08002ddc                HAL_RCC_GetPCLK2Freq
 .text.HAL_RCC_GetClockConfig
                0x08002e04       0x64 ./Drivers/STM32F4xx_HAL_Driver/Src/stm32f4xx_hal_rcc.o
                0x08002e04                HAL_RCC_GetClockConfig
 .text.HAL_TIM_Base_Init
                0x08002e68       0x9e ./Drivers/STM32F4xx_HAL_Driver/Src/stm32f4xx_hal_tim.o
                0x08002e68                HAL_TIM_Base_Init
 .text.HAL_TIM_Base_MspInit
                0x08002f06       0x14 ./Drivers/STM32F4xx_HAL_Driver/Src/stm32f4xx_hal_tim.o
                0x08002f06                HAL_TIM_Base_MspInit
 *fill*         0x08002f1a        0x2 
 .text.HAL_TIM_Base_Start_IT
                0x08002f1c       0xe0 ./Drivers/STM32F4xx_HAL_Driver/Src/stm32f4xx_hal_tim.o
                0x08002f1c                HAL_TIM_Base_Start_IT
 .text.HAL_TIM_IRQHandler
                0x08002ffc      0x1e0 ./Drivers/STM32F4xx_HAL_Driver/Src/stm32f4xx_hal_tim.o
                0x08002ffc                HAL_TIM_IRQHandler
 .text.HAL_TIM_OC_DelayElapsedCallback
                0x080031dc       0x14 ./Drivers/STM32F4xx_HAL_Driver/Src/stm32f4xx_hal_tim.o
                0x080031dc                HAL_TIM_OC_DelayElapsedCallback
 .text.HAL_TIM_IC_CaptureCallback
                0x080031f0       0x14 ./Drivers/STM32F4xx_HAL_Driver/Src/stm32f4xx_hal_tim.o
                0x080031f0                HAL_TIM_IC_CaptureCallback
 .text.HAL_TIM_PWM_PulseFinishedCallback
                0x08003204       0x14 ./Drivers/STM32F4xx_HAL_Driver/Src/stm32f4xx_hal_tim.o
                0x08003204                HAL_TIM_PWM_PulseFinishedCallback
 .text.HAL_TIM_TriggerCallback
                0x08003218       0x14 ./Drivers/STM32F4xx_HAL_Driver/Src/stm32f4xx_hal_tim.o
                0x08003218                HAL_TIM_TriggerCallback
 .text.TIM_Base_SetConfig
                0x0800322c      0x158 ./Drivers/STM32F4xx_HAL_Driver/Src/stm32f4xx_hal_tim.o
                0x0800322c                TIM_Base_SetConfig
 .text.HAL_TIMEx_CommutCallback
                0x08003384       0x14 ./Drivers/STM32F4xx_HAL_Driver/Src/stm32f4xx_hal_tim_ex.o
                0x08003384                HAL_TIMEx_CommutCallback
 .text.HAL_TIMEx_BreakCallback
                0x08003398       0x14 ./Drivers/STM32F4xx_HAL_Driver/Src/stm32f4xx_hal_tim_ex.o
                0x08003398                HAL_TIMEx_BreakCallback
 .text.HAL_UART_Init
                0x080033ac       0xa0 ./Drivers/STM32F4xx_HAL_Driver/Src/stm32f4xx_hal_uart.o
                0x080033ac                HAL_UART_Init
 .text.HAL_UART_Transmit_DMA
                0x0800344c       0xe0 ./Drivers/STM32F4xx_HAL_Driver/Src/stm32f4xx_hal_uart.o
                0x0800344c                HAL_UART_Transmit_DMA
 .text.HAL_UART_Receive_DMA
                0x0800352c       0x4a ./Drivers/STM32F4xx_HAL_Driver/Src/stm32f4xx_hal_uart.o
                0x0800352c                HAL_UART_Receive_DMA
 .text.HAL_UART_DMAStop
                0x08003576       0xfe ./Drivers/STM32F4xx_HAL_Driver/Src/stm32f4xx_hal_uart.o
                0x08003576                HAL_UART_DMAStop
 .text.HAL_UART_IRQHandler
                0x08003674      0x524 ./Drivers/STM32F4xx_HAL_Driver/Src/stm32f4xx_hal_uart.o
                0x08003674                HAL_UART_IRQHandler
 .text.HAL_UART_TxCpltCallback
                0x08003b98       0x14 ./Drivers/STM32F4xx_HAL_Driver/Src/stm32f4xx_hal_uart.o
                0x08003b98                HAL_UART_TxCpltCallback
 .text.HAL_UART_TxHalfCpltCallback
                0x08003bac       0x14 ./Drivers/STM32F4xx_HAL_Driver/Src/stm32f4xx_hal_uart.o
                0x08003bac                HAL_UART_TxHalfCpltCallback
 .text.HAL_UART_RxHalfCpltCallback
                0x08003bc0       0x14 ./Drivers/STM32F4xx_HAL_Driver/Src/stm32f4xx_hal_uart.o
                0x08003bc0                HAL_UART_RxHalfCpltCallback
 .text.HAL_UART_ErrorCallback
                0x08003bd4       0x14 ./Drivers/STM32F4xx_HAL_Driver/Src/stm32f4xx_hal_uart.o
                0x08003bd4                HAL_UART_ErrorCallback
 .text.HAL_UARTEx_RxEventCallback
                0x08003be8       0x18 ./Drivers/STM32F4xx_HAL_Driver/Src/stm32f4xx_hal_uart.o
                0x08003be8                HAL_UARTEx_RxEventCallback
 .text.UART_DMATransmitCplt
                0x08003c00       0x9a ./Drivers/STM32F4xx_HAL_Driver/Src/stm32f4xx_hal_uart.o
 .text.UART_DMATxHalfCplt
                0x08003c9a       0x1c ./Drivers/STM32F4xx_HAL_Driver/Src/stm32f4xx_hal_uart.o
 .text.UART_DMAReceiveCplt
                0x08003cb6      0x12c ./Drivers/STM32F4xx_HAL_Driver/Src/stm32f4xx_hal_uart.o
 .text.UART_DMARxHalfCplt
                0x08003de2       0x3c ./Drivers/STM32F4xx_HAL_Driver/Src/stm32f4xx_hal_uart.o
 .text.UART_DMAError
                0x08003e1e       0x94 ./Drivers/STM32F4xx_HAL_Driver/Src/stm32f4xx_hal_uart.o
 *fill*         0x08003eb2        0x2 
 .text.UART_Start_Receive_DMA
                0x08003eb4      0x134 ./Drivers/STM32F4xx_HAL_Driver/Src/stm32f4xx_hal_uart.o
                0x08003eb4                UART_Start_Receive_DMA
 .text.UART_EndTxTransfer
                0x08003fe8       0x50 ./Drivers/STM32F4xx_HAL_Driver/Src/stm32f4xx_hal_uart.o
 .text.UART_EndRxTransfer
                0x08004038       0xc6 ./Drivers/STM32F4xx_HAL_Driver/Src/stm32f4xx_hal_uart.o
 .text.UART_DMAAbortOnError
                0x080040fe       0x28 ./Drivers/STM32F4xx_HAL_Driver/Src/stm32f4xx_hal_uart.o
 .text.UART_Transmit_IT
                0x08004126       0xa0 ./Drivers/STM32F4xx_HAL_Driver/Src/stm32f4xx_hal_uart.o
 .text.UART_EndTransmit_IT
                0x080041c6       0x30 ./Drivers/STM32F4xx_HAL_Driver/Src/stm32f4xx_hal_uart.o
 .text.UART_Receive_IT
                0x080041f6      0x17c ./Drivers/STM32F4xx_HAL_Driver/Src/stm32f4xx_hal_uart.o
 *fill*         0x08004372        0x2 
 .text.UART_SetConfig
                0x08004374      0x4e8 ./Drivers/STM32F4xx_HAL_Driver/Src/stm32f4xx_hal_uart.o
 .text.__NVIC_SetPriority
                0x0800485c       0x54 ./Middlewares/Third_Party/FreeRTOS/Source/CMSIS_RTOS_V2/cmsis_os2.o
 .text.SysTick_Handler
                0x080048b0       0x20 ./Middlewares/Third_Party/FreeRTOS/Source/CMSIS_RTOS_V2/cmsis_os2.o
                0x080048b0                SysTick_Handler
 .text.SVC_Setup
                0x080048d0       0x12 ./Middlewares/Third_Party/FreeRTOS/Source/CMSIS_RTOS_V2/cmsis_os2.o
 *fill*         0x080048e2        0x2 
 .text.osKernelInitialize
                0x080048e4       0x48 ./Middlewares/Third_Party/FreeRTOS/Source/CMSIS_RTOS_V2/cmsis_os2.o
                0x080048e4                osKernelInitialize
 .text.osKernelStart
                0x0800492c       0x4c ./Middlewares/Third_Party/FreeRTOS/Source/CMSIS_RTOS_V2/cmsis_os2.o
                0x0800492c                osKernelStart
 .text.osThreadNew
                0x08004978      0x124 ./Middlewares/Third_Party/FreeRTOS/Source/CMSIS_RTOS_V2/cmsis_os2.o
                0x08004978                osThreadNew
 .text.osDelay  0x08004a9c       0x36 ./Middlewares/Third_Party/FreeRTOS/Source/CMSIS_RTOS_V2/cmsis_os2.o
                0x08004a9c                osDelay
 *fill*         0x08004ad2        0x2 
 .text.vApplicationGetIdleTaskMemory
                0x08004ad4       0x34 ./Middlewares/Third_Party/FreeRTOS/Source/CMSIS_RTOS_V2/cmsis_os2.o
                0x08004ad4                vApplicationGetIdleTaskMemory
 .text.vApplicationGetTimerTaskMemory
                0x08004b08       0x34 ./Middlewares/Third_Party/FreeRTOS/Source/CMSIS_RTOS_V2/cmsis_os2.o
                0x08004b08                vApplicationGetTimerTaskMemory
 .text.vListInitialise
                0x08004b3c       0x40 ./Middlewares/Third_Party/FreeRTOS/Source/list.o
                0x08004b3c                vListInitialise
 .text.vListInitialiseItem
                0x08004b7c       0x1a ./Middlewares/Third_Party/FreeRTOS/Source/list.o
                0x08004b7c                vListInitialiseItem
 .text.vListInsertEnd
                0x08004b96       0x48 ./Middlewares/Third_Party/FreeRTOS/Source/list.o
                0x08004b96                vListInsertEnd
 .text.vListInsert
                0x08004bde       0x72 ./Middlewares/Third_Party/FreeRTOS/Source/list.o
                0x08004bde                vListInsert
 .text.uxListRemove
                0x08004c50       0x54 ./Middlewares/Third_Party/FreeRTOS/Source/list.o
                0x08004c50                uxListRemove
 .text.xQueueGenericReset
                0x08004ca4       0xd4 ./Middlewares/Third_Party/FreeRTOS/Source/queue.o
                0x08004ca4                xQueueGenericReset
 .text.xQueueGenericCreateStatic
                0x08004d78       0xfa ./Middlewares/Third_Party/FreeRTOS/Source/queue.o
                0x08004d78                xQueueGenericCreateStatic
 .text.prvInitialiseNewQueue
                0x08004e72       0x46 ./Middlewares/Third_Party/FreeRTOS/Source/queue.o
 .text.xQueueGenericSend
                0x08004eb8      0x204 ./Middlewares/Third_Party/FreeRTOS/Source/queue.o
                0x08004eb8                xQueueGenericSend
 .text.xQueueGenericSendFromISR
                0x080050bc      0x13c ./Middlewares/Third_Party/FreeRTOS/Source/queue.o
                0x080050bc                xQueueGenericSendFromISR
 .text.xQueueReceive
                0x080051f8      0x1c4 ./Middlewares/Third_Party/FreeRTOS/Source/queue.o
                0x080051f8                xQueueReceive
 .text.prvCopyDataToQueue
                0x080053bc       0xd4 ./Middlewares/Third_Party/FreeRTOS/Source/queue.o
 .text.prvCopyDataFromQueue
                0x08005490       0x4c ./Middlewares/Third_Party/FreeRTOS/Source/queue.o
 .text.prvUnlockQueue
                0x080054dc       0xa4 ./Middlewares/Third_Party/FreeRTOS/Source/queue.o
 .text.prvIsQueueEmpty
                0x08005580       0x2c ./Middlewares/Third_Party/FreeRTOS/Source/queue.o
 .text.prvIsQueueFull
                0x080055ac       0x30 ./Middlewares/Third_Party/FreeRTOS/Source/queue.o
 .text.vQueueAddToRegistry
                0x080055dc       0x54 ./Middlewares/Third_Party/FreeRTOS/Source/queue.o
                0x080055dc                vQueueAddToRegistry
 .text.vQueueWaitForMessageRestricted
                0x08005630       0x68 ./Middlewares/Third_Party/FreeRTOS/Source/queue.o
                0x08005630                vQueueWaitForMessageRestricted
 .text.xTaskCreateStatic
                0x08005698       0xc0 ./Middlewares/Third_Party/FreeRTOS/Source/tasks.o
                0x08005698                xTaskCreateStatic
 .text.xTaskCreate
                0x08005758       0x8a ./Middlewares/Third_Party/FreeRTOS/Source/tasks.o
                0x08005758                xTaskCreate
 *fill*         0x080057e2        0x2 
 .text.prvInitialiseNewTask
                0x080057e4      0x150 ./Middlewares/Third_Party/FreeRTOS/Source/tasks.o
 .text.prvAddNewTaskToReadyList
                0x08005934       0xe0 ./Middlewares/Third_Party/FreeRTOS/Source/tasks.o
 .text.vTaskDelay
                0x08005a14       0x6c ./Middlewares/Third_Party/FreeRTOS/Source/tasks.o
                0x08005a14                vTaskDelay
 .text.vTaskStartScheduler
                0x08005a80       0xe0 ./Middlewares/Third_Party/FreeRTOS/Source/tasks.o
                0x08005a80                vTaskStartScheduler
 .text.vTaskSuspendAll
                0x08005b60       0x1c ./Middlewares/Third_Party/FreeRTOS/Source/tasks.o
                0x08005b60                vTaskSuspendAll
 .text.xTaskResumeAll
                0x08005b7c      0x13c ./Middlewares/Third_Party/FreeRTOS/Source/tasks.o
                0x08005b7c                xTaskResumeAll
 .text.xTaskGetTickCount
                0x08005cb8       0x20 ./Middlewares/Third_Party/FreeRTOS/Source/tasks.o
                0x08005cb8                xTaskGetTickCount
 .text.xTaskIncrementTick
                0x08005cd8      0x174 ./Middlewares/Third_Party/FreeRTOS/Source/tasks.o
                0x08005cd8                xTaskIncrementTick
 .text.vTaskSwitchContext
                0x08005e4c       0xcc ./Middlewares/Third_Party/FreeRTOS/Source/tasks.o
                0x08005e4c                vTaskSwitchContext
 .text.vTaskPlaceOnEventList
                0x08005f18       0x4c ./Middlewares/Third_Party/FreeRTOS/Source/tasks.o
                0x08005f18                vTaskPlaceOnEventList
 .text.vTaskPlaceOnEventListRestricted
                0x08005f64       0x58 ./Middlewares/Third_Party/FreeRTOS/Source/tasks.o
                0x08005f64                vTaskPlaceOnEventListRestricted
 .text.xTaskRemoveFromEventList
                0x08005fbc       0xc8 ./Middlewares/Third_Party/FreeRTOS/Source/tasks.o
                0x08005fbc                xTaskRemoveFromEventList
 .text.vTaskSetTimeOutState
                0x08006084       0x50 ./Middlewares/Third_Party/FreeRTOS/Source/tasks.o
                0x08006084                vTaskSetTimeOutState
 .text.vTaskInternalSetTimeOutState
                0x080060d4       0x2c ./Middlewares/Third_Party/FreeRTOS/Source/tasks.o
                0x080060d4                vTaskInternalSetTimeOutState
 .text.xTaskCheckForTimeOut
                0x08006100       0xc8 ./Middlewares/Third_Party/FreeRTOS/Source/tasks.o
                0x08006100                xTaskCheckForTimeOut
 .text.vTaskMissedYield
                0x080061c8       0x18 ./Middlewares/Third_Party/FreeRTOS/Source/tasks.o
                0x080061c8                vTaskMissedYield
 .text.prvIdleTask
                0x080061e0       0x30 ./Middlewares/Third_Party/FreeRTOS/Source/tasks.o
 .text.prvInitialiseTaskLists
                0x08006210       0x80 ./Middlewares/Third_Party/FreeRTOS/Source/tasks.o
 .text.prvCheckTasksWaitingTermination
                0x08006290       0x5c ./Middlewares/Third_Party/FreeRTOS/Source/tasks.o
 .text.prvDeleteTCB
                0x080062ec       0x6a ./Middlewares/Third_Party/FreeRTOS/Source/tasks.o
 *fill*         0x08006356        0x2 
 .text.prvResetNextTaskUnblockTime
                0x08006358       0x40 ./Middlewares/Third_Party/FreeRTOS/Source/tasks.o
 .text.xTaskGetSchedulerState
                0x08006398       0x3c ./Middlewares/Third_Party/FreeRTOS/Source/tasks.o
                0x08006398                xTaskGetSchedulerState
 .text.xTaskPriorityDisinherit
                0x080063d4       0xe0 ./Middlewares/Third_Party/FreeRTOS/Source/tasks.o
                0x080063d4                xTaskPriorityDisinherit
 .text.prvAddCurrentTaskToDelayedList
                0x080064b4       0xa8 ./Middlewares/Third_Party/FreeRTOS/Source/tasks.o
 .text.xTimerCreateTimerTask
                0x0800655c       0x94 ./Middlewares/Third_Party/FreeRTOS/Source/timers.o
                0x0800655c                xTimerCreateTimerTask
 .text.xTimerGenericCommand
                0x080065f0       0x9c ./Middlewares/Third_Party/FreeRTOS/Source/timers.o
                0x080065f0                xTimerGenericCommand
 .text.prvProcessExpiredTimer
                0x0800668c       0x9c ./Middlewares/Third_Party/FreeRTOS/Source/timers.o
 .text.prvTimerTask
                0x08006728       0x26 ./Middlewares/Third_Party/FreeRTOS/Source/timers.o
 *fill*         0x0800674e        0x2 
 .text.prvProcessTimerOrBlockTask
                0x08006750       0x9c ./Middlewares/Third_Party/FreeRTOS/Source/timers.o
 .text.prvGetNextExpireTime
                0x080067ec       0x48 ./Middlewares/Third_Party/FreeRTOS/Source/timers.o
 .text.prvSampleTimeNow
                0x08006834       0x40 ./Middlewares/Third_Party/FreeRTOS/Source/timers.o
 .text.prvInsertTimerInActiveList
                0x08006874       0x84 ./Middlewares/Third_Party/FreeRTOS/Source/timers.o
 .text.prvProcessReceivedCommands
                0x080068f8      0x1cc ./Middlewares/Third_Party/FreeRTOS/Source/timers.o
 .text.prvSwitchTimerLists
                0x08006ac4       0xcc ./Middlewares/Third_Party/FreeRTOS/Source/timers.o
 .text.prvCheckForValidListAndQueue
                0x08006b90       0x80 ./Middlewares/Third_Party/FreeRTOS/Source/timers.o
 .text.pxPortInitialiseStack
                0x08006c10       0x68 ./Middlewares/Third_Party/FreeRTOS/Source/portable/GCC/ARM_CM4F/port.o
                0x08006c10                pxPortInitialiseStack
 .text.prvTaskExitError
                0x08006c78       0x5c ./Middlewares/Third_Party/FreeRTOS/Source/portable/GCC/ARM_CM4F/port.o
 *fill*         0x08006cd4        0xc 
 .text.SVC_Handler
                0x08006ce0       0x28 ./Middlewares/Third_Party/FreeRTOS/Source/portable/GCC/ARM_CM4F/port.o
                0x08006ce0                SVC_Handler
 .text.prvPortStartFirstTask
                0x08006d08       0x28 ./Middlewares/Third_Party/FreeRTOS/Source/portable/GCC/ARM_CM4F/port.o
 .text.xPortStartScheduler
                0x08006d30      0x148 ./Middlewares/Third_Party/FreeRTOS/Source/portable/GCC/ARM_CM4F/port.o
                0x08006d30                xPortStartScheduler
 .text.vPortEnterCritical
                0x08006e78       0x64 ./Middlewares/Third_Party/FreeRTOS/Source/portable/GCC/ARM_CM4F/port.o
                0x08006e78                vPortEnterCritical
 .text.vPortExitCritical
                0x08006edc       0x54 ./Middlewares/Third_Party/FreeRTOS/Source/portable/GCC/ARM_CM4F/port.o
                0x08006edc                vPortExitCritical
 .text.PendSV_Handler
                0x08006f30       0x68 ./Middlewares/Third_Party/FreeRTOS/Source/portable/GCC/ARM_CM4F/port.o
                0x08006f30                PendSV_Handler
 .text.xPortSysTickHandler
                0x08006f98       0x44 ./Middlewares/Third_Party/FreeRTOS/Source/portable/GCC/ARM_CM4F/port.o
                0x08006f98                xPortSysTickHandler
 .text.vPortSetupTimerInterrupt
                0x08006fdc       0x48 ./Middlewares/Third_Party/FreeRTOS/Source/portable/GCC/ARM_CM4F/port.o
                0x08006fdc                vPortSetupTimerInterrupt
 .text.vPortEnableVFP
                0x08007024       0x14 ./Middlewares/Third_Party/FreeRTOS/Source/portable/GCC/ARM_CM4F/port.o
 .text.vPortValidateInterruptPriority
                0x08007038       0x84 ./Middlewares/Third_Party/FreeRTOS/Source/portable/GCC/ARM_CM4F/port.o
                0x08007038                vPortValidateInterruptPriority
 .text.pvPortMalloc
                0x080070bc      0x19c ./Middlewares/Third_Party/FreeRTOS/Source/portable/MemMang/heap_4.o
                0x080070bc                pvPortMalloc
 .text.vPortFree
                0x08007258       0xc8 ./Middlewares/Third_Party/FreeRTOS/Source/portable/MemMang/heap_4.o
                0x08007258                vPortFree
 .text.prvHeapInit
                0x08007320       0xc4 ./Middlewares/Third_Party/FreeRTOS/Source/portable/MemMang/heap_4.o
 .text.prvInsertBlockIntoFreeList
                0x080073e4       0xb4 ./Middlewares/Third_Party/FreeRTOS/Source/portable/MemMang/heap_4.o
 .text.rcl_get_zero_initialized_publisher
                0x08007498        0xc C:\Users\kang\STM32CubeIDE\workspace_1.15.1\MicroRosMCU\Core\M4lib\libmicroros.a(librcl-publisher.c.obj)
                0x08007498                rcl_get_zero_initialized_publisher
 .text.rcl_publisher_init
                0x080074a4      0x12c C:\Users\kang\STM32CubeIDE\workspace_1.15.1\MicroRosMCU\Core\M4lib\libmicroros.a(librcl-publisher.c.obj)
                0x080074a4                rcl_publisher_init
 .text.rcl_publisher_get_default_options
                0x080075d0       0x5c C:\Users\kang\STM32CubeIDE\workspace_1.15.1\MicroRosMCU\Core\M4lib\libmicroros.a(librcl-publisher.c.obj)
                0x080075d0                rcl_publisher_get_default_options
 .text.rcl_publish
                0x0800762c       0x48 C:\Users\kang\STM32CubeIDE\workspace_1.15.1\MicroRosMCU\Core\M4lib\libmicroros.a(librcl-publisher.c.obj)
                0x0800762c                rcl_publish
 .text.rclc_support_init
                0x08007674       0x94 C:\Users\kang\STM32CubeIDE\workspace_1.15.1\MicroRosMCU\Core\M4lib\libmicroros.a(librclc-init.c.obj)
                0x08007674                rclc_support_init
 .text.rclc_node_init_default
                0x08007708       0x78 C:\Users\kang\STM32CubeIDE\workspace_1.15.1\MicroRosMCU\Core\M4lib\libmicroros.a(librclc-node.c.obj)
                0x08007708                rclc_node_init_default
 .text.rclc_publisher_init_default
                0x08007780       0x68 C:\Users\kang\STM32CubeIDE\workspace_1.15.1\MicroRosMCU\Core\M4lib\libmicroros.a(librclc-publisher.c.obj)
                0x08007780                rclc_publisher_init_default
 .text.__default_zero_allocate
                0x080077e8        0x4 C:\Users\kang\STM32CubeIDE\workspace_1.15.1\MicroRosMCU\Core\M4lib\libmicroros.a(librcutils-allocator.c.obj)
 .text.__default_reallocate
                0x080077ec        0x4 C:\Users\kang\STM32CubeIDE\workspace_1.15.1\MicroRosMCU\Core\M4lib\libmicroros.a(librcutils-allocator.c.obj)
 .text.__default_deallocate
                0x080077f0        0x4 C:\Users\kang\STM32CubeIDE\workspace_1.15.1\MicroRosMCU\Core\M4lib\libmicroros.a(librcutils-allocator.c.obj)
 .text.__default_allocate
                0x080077f4        0x4 C:\Users\kang\STM32CubeIDE\workspace_1.15.1\MicroRosMCU\Core\M4lib\libmicroros.a(librcutils-allocator.c.obj)
 .text.rcutils_get_zero_initialized_allocator
                0x080077f8       0x1c C:\Users\kang\STM32CubeIDE\workspace_1.15.1\MicroRosMCU\Core\M4lib\libmicroros.a(librcutils-allocator.c.obj)
                0x080077f8                rcutils_get_zero_initialized_allocator
 .text.rcutils_set_default_allocator
                0x08007814       0x3c C:\Users\kang\STM32CubeIDE\workspace_1.15.1\MicroRosMCU\Core\M4lib\libmicroros.a(librcutils-allocator.c.obj)
                0x08007814                rcutils_set_default_allocator
 .text.rcutils_get_default_allocator
                0x08007850       0x1c C:\Users\kang\STM32CubeIDE\workspace_1.15.1\MicroRosMCU\Core\M4lib\libmicroros.a(librcutils-allocator.c.obj)
                0x08007850                rcutils_get_default_allocator
 .text.rcutils_allocator_is_valid
                0x0800786c       0x1c C:\Users\kang\STM32CubeIDE\workspace_1.15.1\MicroRosMCU\Core\M4lib\libmicroros.a(librcutils-allocator.c.obj)
                0x0800786c                rcutils_allocator_is_valid
 .text.rcutils_get_error_string
                0x08007888       0x2c C:\Users\kang\STM32CubeIDE\workspace_1.15.1\MicroRosMCU\Core\M4lib\libmicroros.a(librcutils-error_handling.c.obj)
                0x08007888                rcutils_get_error_string
 *fill*         0x080078b4        0x4 
 .text.rcutils_reset_error
                0x080078b8       0x38 C:\Users\kang\STM32CubeIDE\workspace_1.15.1\MicroRosMCU\Core\M4lib\libmicroros.a(librcutils-error_handling.c.obj)
                0x080078b8                rcutils_reset_error
 .text.rmw_get_default_publisher_options
                0x080078f0        0x8 C:\Users\kang\STM32CubeIDE\workspace_1.15.1\MicroRosMCU\Core\M4lib\libmicroros.a(librmw-publisher_options.c.obj)
                0x080078f0                rmw_get_default_publisher_options
 .text.rmw_uros_set_custom_transport
                0x080078f8       0x2c C:\Users\kang\STM32CubeIDE\workspace_1.15.1\MicroRosMCU\Core\M4lib\libmicroros.a(librmw_microxrcedds-custom_transport.c.obj)
                0x080078f8                rmw_uros_set_custom_transport
 .text.flush_session
                0x08007924        0x8 C:\Users\kang\STM32CubeIDE\workspace_1.15.1\MicroRosMCU\Core\M4lib\libmicroros.a(librmw_microxrcedds-rmw_publish.c.obj)
                0x08007924                flush_session
 .text.rmw_publish
                0x0800792c       0xc0 C:\Users\kang\STM32CubeIDE\workspace_1.15.1\MicroRosMCU\Core\M4lib\libmicroros.a(librmw_microxrcedds-rmw_publish.c.obj)
                0x0800792c                rmw_publish
 .text.rmw_create_publisher
                0x080079ec      0x1bc C:\Users\kang\STM32CubeIDE\workspace_1.15.1\MicroRosMCU\Core\M4lib\libmicroros.a(librmw_microxrcedds-rmw_publisher.c.obj)
                0x080079ec                rmw_create_publisher
 .text.rmw_publisher_get_actual_qos
                0x08007ba8       0x20 C:\Users\kang\STM32CubeIDE\workspace_1.15.1\MicroRosMCU\Core\M4lib\libmicroros.a(librmw_microxrcedds-rmw_publisher.c.obj)
                0x08007ba8                rmw_publisher_get_actual_qos
 .text.rmw_destroy_publisher
                0x08007bc8       0xa4 C:\Users\kang\STM32CubeIDE\workspace_1.15.1\MicroRosMCU\Core\M4lib\libmicroros.a(librmw_microxrcedds-rmw_publisher.c.obj)
                0x08007bc8                rmw_destroy_publisher
 .text.rmw_uxrce_init_service_memory
                0x08007c6c       0x40 C:\Users\kang\STM32CubeIDE\workspace_1.15.1\MicroRosMCU\Core\M4lib\libmicroros.a(librmw_microxrcedds-types.c.obj)
                0x08007c6c                rmw_uxrce_init_service_memory
 .text.rmw_uxrce_init_client_memory
                0x08007cac       0x40 C:\Users\kang\STM32CubeIDE\workspace_1.15.1\MicroRosMCU\Core\M4lib\libmicroros.a(librmw_microxrcedds-types.c.obj)
                0x08007cac                rmw_uxrce_init_client_memory
 .text.rmw_uxrce_init_publisher_memory
                0x08007cec       0x40 C:\Users\kang\STM32CubeIDE\workspace_1.15.1\MicroRosMCU\Core\M4lib\libmicroros.a(librmw_microxrcedds-types.c.obj)
                0x08007cec                rmw_uxrce_init_publisher_memory
 .text.rmw_uxrce_init_subscription_memory
                0x08007d2c       0x40 C:\Users\kang\STM32CubeIDE\workspace_1.15.1\MicroRosMCU\Core\M4lib\libmicroros.a(librmw_microxrcedds-types.c.obj)
                0x08007d2c                rmw_uxrce_init_subscription_memory
 .text.rmw_uxrce_init_node_memory
                0x08007d6c       0x40 C:\Users\kang\STM32CubeIDE\workspace_1.15.1\MicroRosMCU\Core\M4lib\libmicroros.a(librmw_microxrcedds-types.c.obj)
                0x08007d6c                rmw_uxrce_init_node_memory
 .text.rmw_uxrce_init_session_memory
                0x08007dac       0x40 C:\Users\kang\STM32CubeIDE\workspace_1.15.1\MicroRosMCU\Core\M4lib\libmicroros.a(librmw_microxrcedds-types.c.obj)
                0x08007dac                rmw_uxrce_init_session_memory
 .text.rmw_uxrce_init_topic_memory
                0x08007dec       0x40 C:\Users\kang\STM32CubeIDE\workspace_1.15.1\MicroRosMCU\Core\M4lib\libmicroros.a(librmw_microxrcedds-types.c.obj)
                0x08007dec                rmw_uxrce_init_topic_memory
 .text.rmw_uxrce_init_static_input_buffer_memory
                0x08007e2c       0x40 C:\Users\kang\STM32CubeIDE\workspace_1.15.1\MicroRosMCU\Core\M4lib\libmicroros.a(librmw_microxrcedds-types.c.obj)
                0x08007e2c                rmw_uxrce_init_static_input_buffer_memory
 .text.rmw_uxrce_init_init_options_impl_memory
                0x08007e6c       0x40 C:\Users\kang\STM32CubeIDE\workspace_1.15.1\MicroRosMCU\Core\M4lib\libmicroros.a(librmw_microxrcedds-types.c.obj)
                0x08007e6c                rmw_uxrce_init_init_options_impl_memory
 .text.rmw_uxrce_init_wait_set_memory
                0x08007eac       0x40 C:\Users\kang\STM32CubeIDE\workspace_1.15.1\MicroRosMCU\Core\M4lib\libmicroros.a(librmw_microxrcedds-types.c.obj)
                0x08007eac                rmw_uxrce_init_wait_set_memory
 .text.rmw_uxrce_init_guard_condition_memory
                0x08007eec       0x40 C:\Users\kang\STM32CubeIDE\workspace_1.15.1\MicroRosMCU\Core\M4lib\libmicroros.a(librmw_microxrcedds-types.c.obj)
                0x08007eec                rmw_uxrce_init_guard_condition_memory
 .text.rmw_uxrce_fini_session_memory
                0x08007f2c        0xc C:\Users\kang\STM32CubeIDE\workspace_1.15.1\MicroRosMCU\Core\M4lib\libmicroros.a(librmw_microxrcedds-types.c.obj)
                0x08007f2c                rmw_uxrce_fini_session_memory
 .text.rmw_uxrce_fini_node_memory
                0x08007f38       0x30 C:\Users\kang\STM32CubeIDE\workspace_1.15.1\MicroRosMCU\Core\M4lib\libmicroros.a(librmw_microxrcedds-types.c.obj)
                0x08007f38                rmw_uxrce_fini_node_memory
 .text.rmw_uxrce_fini_publisher_memory
                0x08007f68       0x2c C:\Users\kang\STM32CubeIDE\workspace_1.15.1\MicroRosMCU\Core\M4lib\libmicroros.a(librmw_microxrcedds-types.c.obj)
                0x08007f68                rmw_uxrce_fini_publisher_memory
 .text.rmw_uxrce_fini_subscription_memory
                0x08007f94       0x2c C:\Users\kang\STM32CubeIDE\workspace_1.15.1\MicroRosMCU\Core\M4lib\libmicroros.a(librmw_microxrcedds-types.c.obj)
                0x08007f94                rmw_uxrce_fini_subscription_memory
 .text.rmw_uxrce_fini_service_memory
                0x08007fc0       0x2c C:\Users\kang\STM32CubeIDE\workspace_1.15.1\MicroRosMCU\Core\M4lib\libmicroros.a(librmw_microxrcedds-types.c.obj)
                0x08007fc0                rmw_uxrce_fini_service_memory
 .text.rmw_uxrce_fini_client_memory
                0x08007fec       0x2c C:\Users\kang\STM32CubeIDE\workspace_1.15.1\MicroRosMCU\Core\M4lib\libmicroros.a(librmw_microxrcedds-types.c.obj)
                0x08007fec                rmw_uxrce_fini_client_memory
 .text.rmw_uxrce_fini_topic_memory
                0x08008018       0x18 C:\Users\kang\STM32CubeIDE\workspace_1.15.1\MicroRosMCU\Core\M4lib\libmicroros.a(librmw_microxrcedds-types.c.obj)
                0x08008018                rmw_uxrce_fini_topic_memory
 .text.rmw_uxrce_get_static_input_buffer_for_entity
                0x08008030       0xa0 C:\Users\kang\STM32CubeIDE\workspace_1.15.1\MicroRosMCU\Core\M4lib\libmicroros.a(librmw_microxrcedds-types.c.obj)
                0x08008030                rmw_uxrce_get_static_input_buffer_for_entity
 .text.run_xrce_session
                0x080080d0       0x38 C:\Users\kang\STM32CubeIDE\workspace_1.15.1\MicroRosMCU\Core\M4lib\libmicroros.a(librmw_microxrcedds-utils.c.obj)
                0x080080d0                run_xrce_session
 .text.convert_qos_profile
                0x08008108       0x34 C:\Users\kang\STM32CubeIDE\workspace_1.15.1\MicroRosMCU\Core\M4lib\libmicroros.a(librmw_microxrcedds-utils.c.obj)
                0x08008108                convert_qos_profile
 .text.generate_type_name
                0x0800813c       0x60 C:\Users\kang\STM32CubeIDE\workspace_1.15.1\MicroRosMCU\Core\M4lib\libmicroros.a(librmw_microxrcedds-utils.c.obj)
                0x0800813c                generate_type_name
 .text.generate_topic_name
                0x0800819c       0x34 C:\Users\kang\STM32CubeIDE\workspace_1.15.1\MicroRosMCU\Core\M4lib\libmicroros.a(librmw_microxrcedds-utils.c.obj)
                0x0800819c                generate_topic_name
 .text.is_uxrce_rmw_identifier_valid
                0x080081d0       0x1c C:\Users\kang\STM32CubeIDE\workspace_1.15.1\MicroRosMCU\Core\M4lib\libmicroros.a(librmw_microxrcedds-utils.c.obj)
                0x080081d0                is_uxrce_rmw_identifier_valid
 .text.get_message_typesupport_handle
                0x080081ec        0x4 C:\Users\kang\STM32CubeIDE\workspace_1.15.1\MicroRosMCU\Core\M4lib\libmicroros.a(librosidl_runtime_c-message_type_support.c.obj)
                0x080081ec                get_message_typesupport_handle
 .text.get_message_typesupport_handle_function
                0x080081f0       0x14 C:\Users\kang\STM32CubeIDE\workspace_1.15.1\MicroRosMCU\Core\M4lib\libmicroros.a(librosidl_runtime_c-message_type_support.c.obj)
                0x080081f0                get_message_typesupport_handle_function
 .text.rosidl_typesupport_c__get_message_type_support_handle__std_msgs__msg__Int32
                0x08008204       0x1c C:\Users\kang\STM32CubeIDE\workspace_1.15.1\MicroRosMCU\Core\M4lib\libmicroros.a(libstd_msgs__rosidl_typesupport_c-int32__type_support.cpp.obj)
                0x08008204                rosidl_typesupport_c__get_message_type_support_handle__std_msgs__msg__Int32
 .text.startup._GLOBAL__sub_I_rosidl_typesupport_c__get_message_type_support_handle__std_msgs__msg__Int32
                0x08008220       0x14 C:\Users\kang\STM32CubeIDE\workspace_1.15.1\MicroRosMCU\Core\M4lib\libmicroros.a(libstd_msgs__rosidl_typesupport_c-int32__type_support.cpp.obj)
 .text.std_msgs__msg__Int32__rosidl_typesupport_introspection_c__Int32_init_function
                0x08008234        0x4 C:\Users\kang\STM32CubeIDE\workspace_1.15.1\MicroRosMCU\Core\M4lib\libmicroros.a(libstd_msgs__rosidl_typesupport_introspection_c-int32__type_support.c.obj)
                0x08008234                std_msgs__msg__Int32__rosidl_typesupport_introspection_c__Int32_init_function
 .text.std_msgs__msg__Int32__rosidl_typesupport_introspection_c__Int32_fini_function
                0x08008238        0x4 C:\Users\kang\STM32CubeIDE\workspace_1.15.1\MicroRosMCU\Core\M4lib\libmicroros.a(libstd_msgs__rosidl_typesupport_introspection_c-int32__type_support.c.obj)
                0x08008238                std_msgs__msg__Int32__rosidl_typesupport_introspection_c__Int32_fini_function
 .text.rosidl_typesupport_introspection_c__get_message_type_support_handle__std_msgs__msg__Int32
                0x0800823c       0x1c C:\Users\kang\STM32CubeIDE\workspace_1.15.1\MicroRosMCU\Core\M4lib\libmicroros.a(libstd_msgs__rosidl_typesupport_introspection_c-int32__type_support.c.obj)
                0x0800823c                rosidl_typesupport_introspection_c__get_message_type_support_handle__std_msgs__msg__Int32
 .text._Int32__max_serialized_size
                0x08008258       0x10 C:\Users\kang\STM32CubeIDE\workspace_1.15.1\MicroRosMCU\Core\M4lib\libmicroros.a(libstd_msgs__rosidl_typesupport_microxrcedds_c-int32__type_support_c.c.obj)
 .text._Int32__cdr_deserialize
                0x08008268        0xc C:\Users\kang\STM32CubeIDE\workspace_1.15.1\MicroRosMCU\Core\M4lib\libmicroros.a(libstd_msgs__rosidl_typesupport_microxrcedds_c-int32__type_support_c.c.obj)
 .text.get_serialized_size_std_msgs__msg__Int32
                0x08008274       0x14 C:\Users\kang\STM32CubeIDE\workspace_1.15.1\MicroRosMCU\Core\M4lib\libmicroros.a(libstd_msgs__rosidl_typesupport_microxrcedds_c-int32__type_support_c.c.obj)
                0x08008274                get_serialized_size_std_msgs__msg__Int32
 .text._Int32__cdr_serialize
                0x08008288       0x10 C:\Users\kang\STM32CubeIDE\workspace_1.15.1\MicroRosMCU\Core\M4lib\libmicroros.a(libstd_msgs__rosidl_typesupport_microxrcedds_c-int32__type_support_c.c.obj)
 .text._Int32__get_serialized_size
                0x08008298       0x14 C:\Users\kang\STM32CubeIDE\workspace_1.15.1\MicroRosMCU\Core\M4lib\libmicroros.a(libstd_msgs__rosidl_typesupport_microxrcedds_c-int32__type_support_c.c.obj)
 .text.rosidl_typesupport_microxrcedds_c__get_message_type_support_handle__std_msgs__msg__Int32
                0x080082ac        0x8 C:\Users\kang\STM32CubeIDE\workspace_1.15.1\MicroRosMCU\Core\M4lib\libmicroros.a(libstd_msgs__rosidl_typesupport_microxrcedds_c-int32__type_support_c.c.obj)
                0x080082ac                rosidl_typesupport_microxrcedds_c__get_message_type_support_handle__std_msgs__msg__Int32
 .text.ucdr_serialize_bool
                0x080082b4       0x2c C:\Users\kang\STM32CubeIDE\workspace_1.15.1\MicroRosMCU\Core\M4lib\libmicroros.a(libmicrocdr-basic.c.obj)
                0x080082b4                ucdr_serialize_bool
 .text.ucdr_deserialize_bool
                0x080082e0       0x30 C:\Users\kang\STM32CubeIDE\workspace_1.15.1\MicroRosMCU\Core\M4lib\libmicroros.a(libmicrocdr-basic.c.obj)
                0x080082e0                ucdr_deserialize_bool
 .text.ucdr_serialize_uint8_t
                0x08008310       0x2c C:\Users\kang\STM32CubeIDE\workspace_1.15.1\MicroRosMCU\Core\M4lib\libmicroros.a(libmicrocdr-basic.c.obj)
                0x08008310                ucdr_serialize_uint8_t
 .text.ucdr_deserialize_uint8_t
                0x0800833c       0x2c C:\Users\kang\STM32CubeIDE\workspace_1.15.1\MicroRosMCU\Core\M4lib\libmicroros.a(libmicrocdr-basic.c.obj)
                0x0800833c                ucdr_deserialize_uint8_t
 .text.ucdr_serialize_uint16_t
                0x08008368      0x100 C:\Users\kang\STM32CubeIDE\workspace_1.15.1\MicroRosMCU\Core\M4lib\libmicroros.a(libmicrocdr-basic.c.obj)
                0x08008368                ucdr_serialize_uint16_t
 .text.ucdr_serialize_endian_uint16_t
                0x08008468      0x100 C:\Users\kang\STM32CubeIDE\workspace_1.15.1\MicroRosMCU\Core\M4lib\libmicroros.a(libmicrocdr-basic.c.obj)
                0x08008468                ucdr_serialize_endian_uint16_t
 .text.ucdr_deserialize_uint16_t
                0x08008568       0xe8 C:\Users\kang\STM32CubeIDE\workspace_1.15.1\MicroRosMCU\Core\M4lib\libmicroros.a(libmicrocdr-basic.c.obj)
                0x08008568                ucdr_deserialize_uint16_t
 .text.ucdr_deserialize_endian_uint16_t
                0x08008650       0xec C:\Users\kang\STM32CubeIDE\workspace_1.15.1\MicroRosMCU\Core\M4lib\libmicroros.a(libmicrocdr-basic.c.obj)
                0x08008650                ucdr_deserialize_endian_uint16_t
 .text.ucdr_serialize_uint32_t
                0x0800873c      0x130 C:\Users\kang\STM32CubeIDE\workspace_1.15.1\MicroRosMCU\Core\M4lib\libmicroros.a(libmicrocdr-basic.c.obj)
                0x0800873c                ucdr_serialize_uint32_t
 .text.ucdr_serialize_endian_uint32_t
                0x0800886c      0x130 C:\Users\kang\STM32CubeIDE\workspace_1.15.1\MicroRosMCU\Core\M4lib\libmicroros.a(libmicrocdr-basic.c.obj)
                0x0800886c                ucdr_serialize_endian_uint32_t
 .text.ucdr_deserialize_uint32_t
                0x0800899c      0x120 C:\Users\kang\STM32CubeIDE\workspace_1.15.1\MicroRosMCU\Core\M4lib\libmicroros.a(libmicrocdr-basic.c.obj)
                0x0800899c                ucdr_deserialize_uint32_t
 .text.ucdr_deserialize_endian_uint32_t
                0x08008abc      0x12c C:\Users\kang\STM32CubeIDE\workspace_1.15.1\MicroRosMCU\Core\M4lib\libmicroros.a(libmicrocdr-basic.c.obj)
                0x08008abc                ucdr_deserialize_endian_uint32_t
 .text.ucdr_serialize_uint64_t
                0x08008be8      0x1a0 C:\Users\kang\STM32CubeIDE\workspace_1.15.1\MicroRosMCU\Core\M4lib\libmicroros.a(libmicrocdr-basic.c.obj)
                0x08008be8                ucdr_serialize_uint64_t
 .text.ucdr_serialize_int16_t
                0x08008d88      0x100 C:\Users\kang\STM32CubeIDE\workspace_1.15.1\MicroRosMCU\Core\M4lib\libmicroros.a(libmicrocdr-basic.c.obj)
                0x08008d88                ucdr_serialize_int16_t
 .text.ucdr_deserialize_int16_t
                0x08008e88       0xe8 C:\Users\kang\STM32CubeIDE\workspace_1.15.1\MicroRosMCU\Core\M4lib\libmicroros.a(libmicrocdr-basic.c.obj)
                0x08008e88                ucdr_deserialize_int16_t
 .text.ucdr_serialize_int32_t
                0x08008f70      0x130 C:\Users\kang\STM32CubeIDE\workspace_1.15.1\MicroRosMCU\Core\M4lib\libmicroros.a(libmicrocdr-basic.c.obj)
                0x08008f70                ucdr_serialize_int32_t
 .text.ucdr_deserialize_int32_t
                0x080090a0      0x120 C:\Users\kang\STM32CubeIDE\workspace_1.15.1\MicroRosMCU\Core\M4lib\libmicroros.a(libmicrocdr-basic.c.obj)
                0x080090a0                ucdr_deserialize_int32_t
 .text.ucdr_check_buffer_available_for
                0x080091c0       0x18 C:\Users\kang\STM32CubeIDE\workspace_1.15.1\MicroRosMCU\Core\M4lib\libmicroros.a(libmicrocdr-common.c.obj)
                0x080091c0                ucdr_check_buffer_available_for
 .text.ucdr_check_final_buffer_behavior
                0x080091d8       0x38 C:\Users\kang\STM32CubeIDE\workspace_1.15.1\MicroRosMCU\Core\M4lib\libmicroros.a(libmicrocdr-common.c.obj)
                0x080091d8                ucdr_check_final_buffer_behavior
 .text.ucdr_set_on_full_buffer_callback
                0x08009210        0x8 C:\Users\kang\STM32CubeIDE\workspace_1.15.1\MicroRosMCU\Core\M4lib\libmicroros.a(libmicrocdr-common.c.obj)
                0x08009210                ucdr_set_on_full_buffer_callback
 .text.ucdr_init_buffer_origin_offset_endian
                0x08009218       0x2c C:\Users\kang\STM32CubeIDE\workspace_1.15.1\MicroRosMCU\Core\M4lib\libmicroros.a(libmicrocdr-common.c.obj)
                0x08009218                ucdr_init_buffer_origin_offset_endian
 .text.ucdr_init_buffer_origin_offset
                0x08009244       0x14 C:\Users\kang\STM32CubeIDE\workspace_1.15.1\MicroRosMCU\Core\M4lib\libmicroros.a(libmicrocdr-common.c.obj)
                0x08009244                ucdr_init_buffer_origin_offset
 .text.ucdr_init_buffer_origin
                0x08009258       0x10 C:\Users\kang\STM32CubeIDE\workspace_1.15.1\MicroRosMCU\Core\M4lib\libmicroros.a(libmicrocdr-common.c.obj)
                0x08009258                ucdr_init_buffer_origin
 .text.ucdr_init_buffer
                0x08009268        0x8 C:\Users\kang\STM32CubeIDE\workspace_1.15.1\MicroRosMCU\Core\M4lib\libmicroros.a(libmicrocdr-common.c.obj)
                0x08009268                ucdr_init_buffer
 .text.ucdr_alignment
                0x08009270       0x10 C:\Users\kang\STM32CubeIDE\workspace_1.15.1\MicroRosMCU\Core\M4lib\libmicroros.a(libmicrocdr-common.c.obj)
                0x08009270                ucdr_alignment
 .text.ucdr_buffer_alignment
                0x08009280       0x1c C:\Users\kang\STM32CubeIDE\workspace_1.15.1\MicroRosMCU\Core\M4lib\libmicroros.a(libmicrocdr-common.c.obj)
                0x08009280                ucdr_buffer_alignment
 .text.ucdr_align_to
                0x0800929c       0x24 C:\Users\kang\STM32CubeIDE\workspace_1.15.1\MicroRosMCU\Core\M4lib\libmicroros.a(libmicrocdr-common.c.obj)
                0x0800929c                ucdr_align_to
 .text.ucdr_buffer_length
                0x080092c0        0x8 C:\Users\kang\STM32CubeIDE\workspace_1.15.1\MicroRosMCU\Core\M4lib\libmicroros.a(libmicrocdr-common.c.obj)
                0x080092c0                ucdr_buffer_length
 .text.ucdr_buffer_remaining
                0x080092c8        0x8 C:\Users\kang\STM32CubeIDE\workspace_1.15.1\MicroRosMCU\Core\M4lib\libmicroros.a(libmicrocdr-common.c.obj)
                0x080092c8                ucdr_buffer_remaining
 .text.ucdr_check_final_buffer_behavior_array
                0x080092d0       0x38 C:\Users\kang\STM32CubeIDE\workspace_1.15.1\MicroRosMCU\Core\M4lib\libmicroros.a(libmicrocdr-common.c.obj)
                0x080092d0                ucdr_check_final_buffer_behavior_array
 .text.ucdr_advance_buffer
                0x08009308       0x40 C:\Users\kang\STM32CubeIDE\workspace_1.15.1\MicroRosMCU\Core\M4lib\libmicroros.a(libmicrocdr-common.c.obj)
                0x08009308                ucdr_advance_buffer
 .text.uxr_buffer_delete_entity
                0x08009348       0x40 C:\Users\kang\STM32CubeIDE\workspace_1.15.1\MicroRosMCU\Core\M4lib\libmicroros.a(libmicroxrcedds_client-common_create_entities.c.obj)
                0x08009348                uxr_buffer_delete_entity
 .text.uxr_common_create_entity
                0x08009388       0x58 C:\Users\kang\STM32CubeIDE\workspace_1.15.1\MicroRosMCU\Core\M4lib\libmicroros.a(libmicroxrcedds_client-common_create_entities.c.obj)
                0x08009388                uxr_common_create_entity
 .text.uxr_buffer_create_participant_bin
                0x080093e0       0x64 C:\Users\kang\STM32CubeIDE\workspace_1.15.1\MicroRosMCU\Core\M4lib\libmicroros.a(libmicroxrcedds_client-create_entities_bin.c.obj)
                0x080093e0                uxr_buffer_create_participant_bin
 .text.uxr_buffer_create_topic_bin
                0x08009444       0x6c C:\Users\kang\STM32CubeIDE\workspace_1.15.1\MicroRosMCU\Core\M4lib\libmicroros.a(libmicroxrcedds_client-create_entities_bin.c.obj)
                0x08009444                uxr_buffer_create_topic_bin
 .text.uxr_buffer_create_publisher_bin
                0x080094b0       0x60 C:\Users\kang\STM32CubeIDE\workspace_1.15.1\MicroRosMCU\Core\M4lib\libmicroros.a(libmicroxrcedds_client-create_entities_bin.c.obj)
                0x080094b0                uxr_buffer_create_publisher_bin
 .text.uxr_buffer_create_datawriter_bin
                0x08009510       0xec C:\Users\kang\STM32CubeIDE\workspace_1.15.1\MicroRosMCU\Core\M4lib\libmicroros.a(libmicroxrcedds_client-create_entities_bin.c.obj)
                0x08009510                uxr_buffer_create_datawriter_bin
 .text.uxr_object_id
                0x080095fc       0x1c C:\Users\kang\STM32CubeIDE\workspace_1.15.1\MicroRosMCU\Core\M4lib\libmicroros.a(libmicroxrcedds_client-object_id.c.obj)
                0x080095fc                uxr_object_id
 .text.uxr_object_id_from_raw
                0x08009618       0x28 C:\Users\kang\STM32CubeIDE\workspace_1.15.1\MicroRosMCU\Core\M4lib\libmicroros.a(libmicroxrcedds_client-object_id.c.obj)
                0x08009618                uxr_object_id_from_raw
 .text.uxr_object_id_to_raw
                0x08009640       0x1c C:\Users\kang\STM32CubeIDE\workspace_1.15.1\MicroRosMCU\Core\M4lib\libmicroros.a(libmicroxrcedds_client-object_id.c.obj)
                0x08009640                uxr_object_id_to_raw
 .text.on_get_fragmentation_info
                0x0800965c       0x44 C:\Users\kang\STM32CubeIDE\workspace_1.15.1\MicroRosMCU\Core\M4lib\libmicroros.a(libmicroxrcedds_client-session.c.obj)
 .text.read_submessage_get_info
                0x080096a0       0x6c C:\Users\kang\STM32CubeIDE\workspace_1.15.1\MicroRosMCU\Core\M4lib\libmicroros.a(libmicroxrcedds_client-session.c.obj)
 .text.write_submessage_acknack.isra.0
                0x0800970c       0x6c C:\Users\kang\STM32CubeIDE\workspace_1.15.1\MicroRosMCU\Core\M4lib\libmicroros.a(libmicroxrcedds_client-session.c.obj)
 .text.uxr_init_session
                0x08009778       0x40 C:\Users\kang\STM32CubeIDE\workspace_1.15.1\MicroRosMCU\Core\M4lib\libmicroros.a(libmicroxrcedds_client-session.c.obj)
                0x08009778                uxr_init_session
 .text.uxr_set_status_callback
                0x080097b8        0x8 C:\Users\kang\STM32CubeIDE\workspace_1.15.1\MicroRosMCU\Core\M4lib\libmicroros.a(libmicroxrcedds_client-session.c.obj)
                0x080097b8                uxr_set_status_callback
 .text.uxr_set_topic_callback
                0x080097c0        0x8 C:\Users\kang\STM32CubeIDE\workspace_1.15.1\MicroRosMCU\Core\M4lib\libmicroros.a(libmicroxrcedds_client-session.c.obj)
                0x080097c0                uxr_set_topic_callback
 .text.uxr_set_request_callback
                0x080097c8        0x8 C:\Users\kang\STM32CubeIDE\workspace_1.15.1\MicroRosMCU\Core\M4lib\libmicroros.a(libmicroxrcedds_client-session.c.obj)
                0x080097c8                uxr_set_request_callback
 .text.uxr_set_reply_callback
                0x080097d0        0x8 C:\Users\kang\STM32CubeIDE\workspace_1.15.1\MicroRosMCU\Core\M4lib\libmicroros.a(libmicroxrcedds_client-session.c.obj)
                0x080097d0                uxr_set_reply_callback
 .text.uxr_create_output_best_effort_stream
                0x080097d8       0x24 C:\Users\kang\STM32CubeIDE\workspace_1.15.1\MicroRosMCU\Core\M4lib\libmicroros.a(libmicroxrcedds_client-session.c.obj)
                0x080097d8                uxr_create_output_best_effort_stream
 .text.uxr_create_output_reliable_stream
                0x080097fc       0x44 C:\Users\kang\STM32CubeIDE\workspace_1.15.1\MicroRosMCU\Core\M4lib\libmicroros.a(libmicroxrcedds_client-session.c.obj)
                0x080097fc                uxr_create_output_reliable_stream
 .text.uxr_create_input_best_effort_stream
                0x08009840        0xc C:\Users\kang\STM32CubeIDE\workspace_1.15.1\MicroRosMCU\Core\M4lib\libmicroros.a(libmicroxrcedds_client-session.c.obj)
                0x08009840                uxr_create_input_best_effort_stream
 .text.uxr_create_input_reliable_stream
                0x0800984c       0x38 C:\Users\kang\STM32CubeIDE\workspace_1.15.1\MicroRosMCU\Core\M4lib\libmicroros.a(libmicroxrcedds_client-session.c.obj)
                0x0800984c                uxr_create_input_reliable_stream
 .text.uxr_epoch_nanos
                0x08009884       0x14 C:\Users\kang\STM32CubeIDE\workspace_1.15.1\MicroRosMCU\Core\M4lib\libmicroros.a(libmicroxrcedds_client-session.c.obj)
                0x08009884                uxr_epoch_nanos
 .text.uxr_flash_output_streams
                0x08009898       0xec C:\Users\kang\STM32CubeIDE\workspace_1.15.1\MicroRosMCU\Core\M4lib\libmicroros.a(libmicroxrcedds_client-session.c.obj)
                0x08009898                uxr_flash_output_streams
 .text.read_submessage_info
                0x08009984       0x90 C:\Users\kang\STM32CubeIDE\workspace_1.15.1\MicroRosMCU\Core\M4lib\libmicroros.a(libmicroxrcedds_client-session.c.obj)
                0x08009984                read_submessage_info
 .text.read_submessage_list
                0x08009a14      0x310 C:\Users\kang\STM32CubeIDE\workspace_1.15.1\MicroRosMCU\Core\M4lib\libmicroros.a(libmicroxrcedds_client-session.c.obj)
 .text.listen_message_reliably
                0x08009d24      0x280 C:\Users\kang\STM32CubeIDE\workspace_1.15.1\MicroRosMCU\Core\M4lib\libmicroros.a(libmicroxrcedds_client-session.c.obj)
 .text.uxr_run_session_until_confirm_delivery
                0x08009fa4       0x4c C:\Users\kang\STM32CubeIDE\workspace_1.15.1\MicroRosMCU\Core\M4lib\libmicroros.a(libmicroxrcedds_client-session.c.obj)
                0x08009fa4                uxr_run_session_until_confirm_delivery
 .text.uxr_run_session_until_all_status
                0x08009ff0       0xa4 C:\Users\kang\STM32CubeIDE\workspace_1.15.1\MicroRosMCU\Core\M4lib\libmicroros.a(libmicroxrcedds_client-session.c.obj)
                0x08009ff0                uxr_run_session_until_all_status
 .text.wait_session_status
                0x0800a094      0x1a0 C:\Users\kang\STM32CubeIDE\workspace_1.15.1\MicroRosMCU\Core\M4lib\libmicroros.a(libmicroxrcedds_client-session.c.obj)
 .text.uxr_delete_session_retries
                0x0800a234       0x50 C:\Users\kang\STM32CubeIDE\workspace_1.15.1\MicroRosMCU\Core\M4lib\libmicroros.a(libmicroxrcedds_client-session.c.obj)
                0x0800a234                uxr_delete_session_retries
 .text.uxr_create_session
                0x0800a284      0x1bc C:\Users\kang\STM32CubeIDE\workspace_1.15.1\MicroRosMCU\Core\M4lib\libmicroros.a(libmicroxrcedds_client-session.c.obj)
                0x0800a284                uxr_create_session
 .text.uxr_prepare_stream_to_write_submessage
                0x0800a440       0x88 C:\Users\kang\STM32CubeIDE\workspace_1.15.1\MicroRosMCU\Core\M4lib\libmicroros.a(libmicroxrcedds_client-session.c.obj)
                0x0800a440                uxr_prepare_stream_to_write_submessage
 .text.uxr_init_session_info
                0x0800a4c8       0x20 C:\Users\kang\STM32CubeIDE\workspace_1.15.1\MicroRosMCU\Core\M4lib\libmicroros.a(libmicroxrcedds_client-session_info.c.obj)
                0x0800a4c8                uxr_init_session_info
 .text.uxr_buffer_create_session
                0x0800a4e8       0x54 C:\Users\kang\STM32CubeIDE\workspace_1.15.1\MicroRosMCU\Core\M4lib\libmicroros.a(libmicroxrcedds_client-session_info.c.obj)
                0x0800a4e8                uxr_buffer_create_session
 .text.uxr_buffer_delete_session
                0x0800a53c       0x38 C:\Users\kang\STM32CubeIDE\workspace_1.15.1\MicroRosMCU\Core\M4lib\libmicroros.a(libmicroxrcedds_client-session_info.c.obj)
                0x0800a53c                uxr_buffer_delete_session
 .text.uxr_read_create_session_status
                0x0800a574       0x18 C:\Users\kang\STM32CubeIDE\workspace_1.15.1\MicroRosMCU\Core\M4lib\libmicroros.a(libmicroxrcedds_client-session_info.c.obj)
                0x0800a574                uxr_read_create_session_status
 .text.uxr_read_delete_session_status
                0x0800a58c       0x3c C:\Users\kang\STM32CubeIDE\workspace_1.15.1\MicroRosMCU\Core\M4lib\libmicroros.a(libmicroxrcedds_client-session_info.c.obj)
                0x0800a58c                uxr_read_delete_session_status
 .text.uxr_stamp_create_session_header
                0x0800a5c8       0x28 C:\Users\kang\STM32CubeIDE\workspace_1.15.1\MicroRosMCU\Core\M4lib\libmicroros.a(libmicroxrcedds_client-session_info.c.obj)
                0x0800a5c8                uxr_stamp_create_session_header
 .text.uxr_stamp_session_header
                0x0800a5f0       0x28 C:\Users\kang\STM32CubeIDE\workspace_1.15.1\MicroRosMCU\Core\M4lib\libmicroros.a(libmicroxrcedds_client-session_info.c.obj)
                0x0800a5f0                uxr_stamp_session_header
 .text.uxr_read_session_header
                0x0800a618       0x84 C:\Users\kang\STM32CubeIDE\workspace_1.15.1\MicroRosMCU\Core\M4lib\libmicroros.a(libmicroxrcedds_client-session_info.c.obj)
                0x0800a618                uxr_read_session_header
 .text.uxr_session_header_offset
                0x0800a69c       0x10 C:\Users\kang\STM32CubeIDE\workspace_1.15.1\MicroRosMCU\Core\M4lib\libmicroros.a(libmicroxrcedds_client-session_info.c.obj)
                0x0800a69c                uxr_session_header_offset
 .text.uxr_init_base_object_request
                0x0800a6ac       0x3c C:\Users\kang\STM32CubeIDE\workspace_1.15.1\MicroRosMCU\Core\M4lib\libmicroros.a(libmicroxrcedds_client-session_info.c.obj)
                0x0800a6ac                uxr_init_base_object_request
 .text.uxr_parse_base_object_request
                0x0800a6e8       0x24 C:\Users\kang\STM32CubeIDE\workspace_1.15.1\MicroRosMCU\Core\M4lib\libmicroros.a(libmicroxrcedds_client-session_info.c.obj)
                0x0800a6e8                uxr_parse_base_object_request
 .text.uxr_stream_id
                0x0800a70c       0x54 C:\Users\kang\STM32CubeIDE\workspace_1.15.1\MicroRosMCU\Core\M4lib\libmicroros.a(libmicroxrcedds_client-stream_id.c.obj)
                0x0800a70c                uxr_stream_id
 .text.uxr_stream_id_from_raw
                0x0800a760       0x54 C:\Users\kang\STM32CubeIDE\workspace_1.15.1\MicroRosMCU\Core\M4lib\libmicroros.a(libmicroxrcedds_client-stream_id.c.obj)
                0x0800a760                uxr_stream_id_from_raw
 .text.uxr_init_stream_storage
                0x0800a7b4       0x14 C:\Users\kang\STM32CubeIDE\workspace_1.15.1\MicroRosMCU\Core\M4lib\libmicroros.a(libmicroxrcedds_client-stream_storage.c.obj)
                0x0800a7b4                uxr_init_stream_storage
 .text.uxr_reset_stream_storage
                0x0800a7c8       0x80 C:\Users\kang\STM32CubeIDE\workspace_1.15.1\MicroRosMCU\Core\M4lib\libmicroros.a(libmicroxrcedds_client-stream_storage.c.obj)
                0x0800a7c8                uxr_reset_stream_storage
 .text.uxr_add_output_best_effort_buffer
                0x0800a848       0x28 C:\Users\kang\STM32CubeIDE\workspace_1.15.1\MicroRosMCU\Core\M4lib\libmicroros.a(libmicroxrcedds_client-stream_storage.c.obj)
                0x0800a848                uxr_add_output_best_effort_buffer
 .text.uxr_add_output_reliable_buffer
                0x0800a870       0x34 C:\Users\kang\STM32CubeIDE\workspace_1.15.1\MicroRosMCU\Core\M4lib\libmicroros.a(libmicroxrcedds_client-stream_storage.c.obj)
                0x0800a870                uxr_add_output_reliable_buffer
 .text.uxr_add_input_best_effort_buffer
                0x0800a8a4       0x2c C:\Users\kang\STM32CubeIDE\workspace_1.15.1\MicroRosMCU\Core\M4lib\libmicroros.a(libmicroxrcedds_client-stream_storage.c.obj)
                0x0800a8a4                uxr_add_input_best_effort_buffer
 .text.uxr_add_input_reliable_buffer
                0x0800a8d0       0x34 C:\Users\kang\STM32CubeIDE\workspace_1.15.1\MicroRosMCU\Core\M4lib\libmicroros.a(libmicroxrcedds_client-stream_storage.c.obj)
                0x0800a8d0                uxr_add_input_reliable_buffer
 .text.uxr_get_output_best_effort_stream
                0x0800a904       0x10 C:\Users\kang\STM32CubeIDE\workspace_1.15.1\MicroRosMCU\Core\M4lib\libmicroros.a(libmicroxrcedds_client-stream_storage.c.obj)
                0x0800a904                uxr_get_output_best_effort_stream
 .text.uxr_get_output_reliable_stream
                0x0800a914       0x14 C:\Users\kang\STM32CubeIDE\workspace_1.15.1\MicroRosMCU\Core\M4lib\libmicroros.a(libmicroxrcedds_client-stream_storage.c.obj)
                0x0800a914                uxr_get_output_reliable_stream
 .text.uxr_get_input_best_effort_stream
                0x0800a928       0x14 C:\Users\kang\STM32CubeIDE\workspace_1.15.1\MicroRosMCU\Core\M4lib\libmicroros.a(libmicroxrcedds_client-stream_storage.c.obj)
                0x0800a928                uxr_get_input_best_effort_stream
 .text.uxr_get_input_reliable_stream
                0x0800a93c       0x14 C:\Users\kang\STM32CubeIDE\workspace_1.15.1\MicroRosMCU\Core\M4lib\libmicroros.a(libmicroxrcedds_client-stream_storage.c.obj)
                0x0800a93c                uxr_get_input_reliable_stream
 .text.uxr_output_streams_confirmed
                0x0800a950       0x2c C:\Users\kang\STM32CubeIDE\workspace_1.15.1\MicroRosMCU\Core\M4lib\libmicroros.a(libmicroxrcedds_client-stream_storage.c.obj)
                0x0800a950                uxr_output_streams_confirmed
 .text.uxr_buffer_submessage_header
                0x0800a97c       0x34 C:\Users\kang\STM32CubeIDE\workspace_1.15.1\MicroRosMCU\Core\M4lib\libmicroros.a(libmicroxrcedds_client-submessage.c.obj)
                0x0800a97c                uxr_buffer_submessage_header
 .text.uxr_read_submessage_header
                0x0800a9b0       0x4c C:\Users\kang\STM32CubeIDE\workspace_1.15.1\MicroRosMCU\Core\M4lib\libmicroros.a(libmicroxrcedds_client-submessage.c.obj)
                0x0800a9b0                uxr_read_submessage_header
 .text.uxr_submessage_padding
                0x0800a9fc        0xc C:\Users\kang\STM32CubeIDE\workspace_1.15.1\MicroRosMCU\Core\M4lib\libmicroros.a(libmicroxrcedds_client-submessage.c.obj)
                0x0800a9fc                uxr_submessage_padding
 .text.uxr_millis
                0x0800aa08       0x34 C:\Users\kang\STM32CubeIDE\workspace_1.15.1\MicroRosMCU\Core\M4lib\libmicroros.a(libmicroxrcedds_client-time.c.obj)
                0x0800aa08                uxr_millis
 .text.uxr_nanos
                0x0800aa3c       0x2c C:\Users\kang\STM32CubeIDE\workspace_1.15.1\MicroRosMCU\Core\M4lib\libmicroros.a(libmicroxrcedds_client-time.c.obj)
                0x0800aa3c                uxr_nanos
 .text.on_full_output_buffer_fragmented
                0x0800aa68      0x114 C:\Users\kang\STM32CubeIDE\workspace_1.15.1\MicroRosMCU\Core\M4lib\libmicroros.a(libmicroxrcedds_client-write_access.c.obj)
                0x0800aa68                on_full_output_buffer_fragmented
 .text.uxr_prepare_output_stream
                0x0800ab7c       0x60 C:\Users\kang\STM32CubeIDE\workspace_1.15.1\MicroRosMCU\Core\M4lib\libmicroros.a(libmicroxrcedds_client-write_access.c.obj)
                0x0800ab7c                uxr_prepare_output_stream
 .text.uxr_prepare_output_stream_fragmented
                0x0800abdc      0x194 C:\Users\kang\STM32CubeIDE\workspace_1.15.1\MicroRosMCU\Core\M4lib\libmicroros.a(libmicroxrcedds_client-write_access.c.obj)
                0x0800abdc                uxr_prepare_output_stream_fragmented
 .text.uxr_serialize_message_header
                0x0800ad70       0x3c C:\Users\kang\STM32CubeIDE\workspace_1.15.1\MicroRosMCU\Core\M4lib\libmicroros.a(libmicroxrcedds_client-xrce_header.c.obj)
                0x0800ad70                uxr_serialize_message_header
 .text.uxr_deserialize_message_header
                0x0800adac       0x40 C:\Users\kang\STM32CubeIDE\workspace_1.15.1\MicroRosMCU\Core\M4lib\libmicroros.a(libmicroxrcedds_client-xrce_header.c.obj)
                0x0800adac                uxr_deserialize_message_header
 .text.uxr_serialize_submessage_header
                0x0800adec       0x28 C:\Users\kang\STM32CubeIDE\workspace_1.15.1\MicroRosMCU\Core\M4lib\libmicroros.a(libmicroxrcedds_client-xrce_subheader.c.obj)
                0x0800adec                uxr_serialize_submessage_header
 .text.uxr_deserialize_submessage_header
                0x0800ae14       0x28 C:\Users\kang\STM32CubeIDE\workspace_1.15.1\MicroRosMCU\Core\M4lib\libmicroros.a(libmicroxrcedds_client-xrce_subheader.c.obj)
                0x0800ae14                uxr_deserialize_submessage_header
 .text.uxr_serialize_CLIENT_Representation
                0x0800ae3c       0xb0 C:\Users\kang\STM32CubeIDE\workspace_1.15.1\MicroRosMCU\Core\M4lib\libmicroros.a(libmicroxrcedds_client-xrce_types.c.obj)
                0x0800ae3c                uxr_serialize_CLIENT_Representation
 .text.uxr_deserialize_CLIENT_Representation
                0x0800aeec       0xc8 C:\Users\kang\STM32CubeIDE\workspace_1.15.1\MicroRosMCU\Core\M4lib\libmicroros.a(libmicroxrcedds_client-xrce_types.c.obj)
                0x0800aeec                uxr_deserialize_CLIENT_Representation
 .text.uxr_serialize_AGENT_Representation
                0x0800afb4       0x94 C:\Users\kang\STM32CubeIDE\workspace_1.15.1\MicroRosMCU\Core\M4lib\libmicroros.a(libmicroxrcedds_client-xrce_types.c.obj)
                0x0800afb4                uxr_serialize_AGENT_Representation
 .text.uxr_serialize_DATAWRITER_Representation
                0x0800b048       0x50 C:\Users\kang\STM32CubeIDE\workspace_1.15.1\MicroRosMCU\Core\M4lib\libmicroros.a(libmicroxrcedds_client-xrce_types.c.obj)
                0x0800b048                uxr_serialize_DATAWRITER_Representation
 .text.uxr_serialize_ObjectVariant.part.0
                0x0800b098       0xe8 C:\Users\kang\STM32CubeIDE\workspace_1.15.1\MicroRosMCU\Core\M4lib\libmicroros.a(libmicroxrcedds_client-xrce_types.c.obj)
 .text.uxr_deserialize_DATAWRITER_Representation
                0x0800b180       0x54 C:\Users\kang\STM32CubeIDE\workspace_1.15.1\MicroRosMCU\Core\M4lib\libmicroros.a(libmicroxrcedds_client-xrce_types.c.obj)
                0x0800b180                uxr_deserialize_DATAWRITER_Representation
 .text.uxr_serialize_OBJK_DomainParticipant_Binary
                0x0800b1d4       0x44 C:\Users\kang\STM32CubeIDE\workspace_1.15.1\MicroRosMCU\Core\M4lib\libmicroros.a(libmicroxrcedds_client-xrce_types.c.obj)
                0x0800b1d4                uxr_serialize_OBJK_DomainParticipant_Binary
 .text.uxr_serialize_OBJK_Topic_Binary
                0x0800b218       0x4c C:\Users\kang\STM32CubeIDE\workspace_1.15.1\MicroRosMCU\Core\M4lib\libmicroros.a(libmicroxrcedds_client-xrce_types.c.obj)
                0x0800b218                uxr_serialize_OBJK_Topic_Binary
 .text.uxr_serialize_OBJK_Publisher_Binary_Qos
                0x0800b264      0x11c C:\Users\kang\STM32CubeIDE\workspace_1.15.1\MicroRosMCU\Core\M4lib\libmicroros.a(libmicroxrcedds_client-xrce_types.c.obj)
                0x0800b264                uxr_serialize_OBJK_Publisher_Binary_Qos
 .text.uxr_serialize_OBJK_Publisher_Binary
                0x0800b380       0x44 C:\Users\kang\STM32CubeIDE\workspace_1.15.1\MicroRosMCU\Core\M4lib\libmicroros.a(libmicroxrcedds_client-xrce_types.c.obj)
                0x0800b380                uxr_serialize_OBJK_Publisher_Binary
 .text.uxr_serialize_OBJK_Endpoint_QosBinary
                0x0800b3c4       0xa8 C:\Users\kang\STM32CubeIDE\workspace_1.15.1\MicroRosMCU\Core\M4lib\libmicroros.a(libmicroxrcedds_client-xrce_types.c.obj)
                0x0800b3c4                uxr_serialize_OBJK_Endpoint_QosBinary
 .text.uxr_serialize_OBJK_DataWriter_Binary
                0x0800b46c       0x58 C:\Users\kang\STM32CubeIDE\workspace_1.15.1\MicroRosMCU\Core\M4lib\libmicroros.a(libmicroxrcedds_client-xrce_types.c.obj)
                0x0800b46c                uxr_serialize_OBJK_DataWriter_Binary
 .text.uxr_deserialize_ObjectVariant
                0x0800b4c4      0x144 C:\Users\kang\STM32CubeIDE\workspace_1.15.1\MicroRosMCU\Core\M4lib\libmicroros.a(libmicroxrcedds_client-xrce_types.c.obj)
                0x0800b4c4                uxr_deserialize_ObjectVariant
 .text.uxr_deserialize_BaseObjectRequest
                0x0800b608       0x20 C:\Users\kang\STM32CubeIDE\workspace_1.15.1\MicroRosMCU\Core\M4lib\libmicroros.a(libmicroxrcedds_client-xrce_types.c.obj)
                0x0800b608                uxr_deserialize_BaseObjectRequest
 .text.uxr_serialize_ActivityInfoVariant
                0x0800b628      0x14c C:\Users\kang\STM32CubeIDE\workspace_1.15.1\MicroRosMCU\Core\M4lib\libmicroros.a(libmicroxrcedds_client-xrce_types.c.obj)
                0x0800b628                uxr_serialize_ActivityInfoVariant
 .text.uxr_deserialize_BaseObjectReply
                0x0800b774       0x3c C:\Users\kang\STM32CubeIDE\workspace_1.15.1\MicroRosMCU\Core\M4lib\libmicroros.a(libmicroxrcedds_client-xrce_types.c.obj)
                0x0800b774                uxr_deserialize_BaseObjectReply
 .text.uxr_serialize_ReadSpecification
                0x0800b7b0       0x84 C:\Users\kang\STM32CubeIDE\workspace_1.15.1\MicroRosMCU\Core\M4lib\libmicroros.a(libmicroxrcedds_client-xrce_types.c.obj)
                0x0800b7b0                uxr_serialize_ReadSpecification
 .text.uxr_serialize_CREATE_CLIENT_Payload
                0x0800b834        0x4 C:\Users\kang\STM32CubeIDE\workspace_1.15.1\MicroRosMCU\Core\M4lib\libmicroros.a(libmicroxrcedds_client-xrce_types.c.obj)
                0x0800b834                uxr_serialize_CREATE_CLIENT_Payload
 .text.uxr_serialize_CREATE_Payload
                0x0800b838      0x120 C:\Users\kang\STM32CubeIDE\workspace_1.15.1\MicroRosMCU\Core\M4lib\libmicroros.a(libmicroxrcedds_client-xrce_types.c.obj)
                0x0800b838                uxr_serialize_CREATE_Payload
 .text.uxr_deserialize_GET_INFO_Payload
                0x0800b958       0x28 C:\Users\kang\STM32CubeIDE\workspace_1.15.1\MicroRosMCU\Core\M4lib\libmicroros.a(libmicroxrcedds_client-xrce_types.c.obj)
                0x0800b958                uxr_deserialize_GET_INFO_Payload
 .text.uxr_serialize_DELETE_Payload
                0x0800b980       0x20 C:\Users\kang\STM32CubeIDE\workspace_1.15.1\MicroRosMCU\Core\M4lib\libmicroros.a(libmicroxrcedds_client-xrce_types.c.obj)
                0x0800b980                uxr_serialize_DELETE_Payload
 .text.uxr_deserialize_STATUS_AGENT_Payload
                0x0800b9a0       0x60 C:\Users\kang\STM32CubeIDE\workspace_1.15.1\MicroRosMCU\Core\M4lib\libmicroros.a(libmicroxrcedds_client-xrce_types.c.obj)
                0x0800b9a0                uxr_deserialize_STATUS_AGENT_Payload
 .text.uxr_deserialize_STATUS_Payload
                0x0800ba00       0x3c C:\Users\kang\STM32CubeIDE\workspace_1.15.1\MicroRosMCU\Core\M4lib\libmicroros.a(libmicroxrcedds_client-xrce_types.c.obj)
                0x0800ba00                uxr_deserialize_STATUS_Payload
 .text.uxr_serialize_INFO_Payload
                0x0800ba3c       0x98 C:\Users\kang\STM32CubeIDE\workspace_1.15.1\MicroRosMCU\Core\M4lib\libmicroros.a(libmicroxrcedds_client-xrce_types.c.obj)
                0x0800ba3c                uxr_serialize_INFO_Payload
 .text.uxr_serialize_READ_DATA_Payload
                0x0800bad4       0x28 C:\Users\kang\STM32CubeIDE\workspace_1.15.1\MicroRosMCU\Core\M4lib\libmicroros.a(libmicroxrcedds_client-xrce_types.c.obj)
                0x0800bad4                uxr_serialize_READ_DATA_Payload
 .text.uxr_serialize_WRITE_DATA_Payload_Data
                0x0800bafc       0x20 C:\Users\kang\STM32CubeIDE\workspace_1.15.1\MicroRosMCU\Core\M4lib\libmicroros.a(libmicroxrcedds_client-xrce_types.c.obj)
                0x0800bafc                uxr_serialize_WRITE_DATA_Payload_Data
 .text.uxr_serialize_ACKNACK_Payload
                0x0800bb1c       0x2c C:\Users\kang\STM32CubeIDE\workspace_1.15.1\MicroRosMCU\Core\M4lib\libmicroros.a(libmicroxrcedds_client-xrce_types.c.obj)
                0x0800bb1c                uxr_serialize_ACKNACK_Payload
 .text.uxr_deserialize_ACKNACK_Payload
                0x0800bb48       0x28 C:\Users\kang\STM32CubeIDE\workspace_1.15.1\MicroRosMCU\Core\M4lib\libmicroros.a(libmicroxrcedds_client-xrce_types.c.obj)
                0x0800bb48                uxr_deserialize_ACKNACK_Payload
 .text.uxr_serialize_HEARTBEAT_Payload
                0x0800bb70       0x28 C:\Users\kang\STM32CubeIDE\workspace_1.15.1\MicroRosMCU\Core\M4lib\libmicroros.a(libmicroxrcedds_client-xrce_types.c.obj)
                0x0800bb70                uxr_serialize_HEARTBEAT_Payload
 .text.uxr_deserialize_HEARTBEAT_Payload
                0x0800bb98       0x24 C:\Users\kang\STM32CubeIDE\workspace_1.15.1\MicroRosMCU\Core\M4lib\libmicroros.a(libmicroxrcedds_client-xrce_types.c.obj)
                0x0800bb98                uxr_deserialize_HEARTBEAT_Payload
 .text.uxr_deserialize_TIMESTAMP_REPLY_Payload